/Users/ys/mtk3_bsp/include/tk/sysdepend/cpu/stm32h7/syslib.h:52:13:out_w	16	static
/Users/ys/mtk3_bsp/include/tk/sysdepend/cpu/stm32h7/syslib.h:65:11:in_w	16	static
/Users/ys/mtk3_bsp/include/sys/queue.h:40:13:QueInit	16	static
/Users/ys/mtk3_bsp/include/sys/queue.h:49:13:isQueEmpty	16	static
/Users/ys/mtk3_bsp/include/sys/queue.h:58:13:QueInsert	16	static
/Users/ys/mtk3_bsp/include/sys/queue.h:71:13:QueRemove	16	static
/Users/ys/mtk3_bsp/kernel/knlinc/../tkernel/timer.h:54:13:knl_abstim_reached	16	static
../kernel/tkernel/../sysdepend/nucleo_h723/../cpu/stm32h7/../core/armv7m/sys_timer.h:26:13:knl_start_hw_timer	16	static
../kernel/tkernel/../sysdepend/nucleo_h723/../cpu/stm32h7/../core/armv7m/sys_timer.h:56:13:knl_clear_hw_timer_interrupt	8	static
../kernel/tkernel/../sysdepend/nucleo_h723/../cpu/stm32h7/../core/armv7m/sys_timer.h:62:13:knl_end_of_hw_timer_interrupt	4	static
../kernel/tkernel/../sysdepend/nucleo_h723/../cpu/stm32h7/../core/armv7m/sys_timer.h:72:13:knl_terminate_hw_timer	8	static
../kernel/tkernel/timer.c:45:11:knl_timer_startup	8	static
../kernel/tkernel/timer.c:60:13:knl_timer_shutdown	8	static
../kernel/tkernel/timer.c:70:12:knl_enqueue_tmeb	24	static
../kernel/tkernel/timer.c:97:13:knl_timer_insert	24	static
../kernel/tkernel/timer.c:112:13:knl_timer_insert_reltim	24	static
../kernel/tkernel/timer.c:129:13:knl_timer_insert_abs	24	static
../kernel/tkernel/timer.c:146:13:knl_timer_handler	32	static
