Archive member included to satisfy reference by file (symbol)

/Applications/STM32CubeIDE.app/Contents/Eclipse/plugins/com.st.stm32cube.ide.mcu.externaltools.gnu-tools-for-stm32.12.3.rel1.macos64_1.0.100.202403111906/tools/bin/../lib/gcc/arm-none-eabi/12.3.1/../../../../arm-none-eabi/lib/thumb/v7e-m/nofp/libc_nano.a(libc_a-memset.o)
                              ./app_program/app_main.o (memset)
/Applications/STM32CubeIDE.app/Contents/Eclipse/plugins/com.st.stm32cube.ide.mcu.externaltools.gnu-tools-for-stm32.12.3.rel1.macos64_1.0.100.202403111906/tools/bin/../lib/gcc/arm-none-eabi/12.3.1/thumb/v7e-m/nofp/libgcc.a(_arm_mulsf3.o)
                              ./app_program/app_main.o (__aeabi_fmul)
/Applications/STM32CubeIDE.app/Contents/Eclipse/plugins/com.st.stm32cube.ide.mcu.externaltools.gnu-tools-for-stm32.12.3.rel1.macos64_1.0.100.202403111906/tools/bin/../lib/gcc/arm-none-eabi/12.3.1/thumb/v7e-m/nofp/libgcc.a(_arm_addsubdf3.o)
                              ./app_program/app_main.o (__aeabi_f2d)
/Applications/STM32CubeIDE.app/Contents/Eclipse/plugins/com.st.stm32cube.ide.mcu.externaltools.gnu-tools-for-stm32.12.3.rel1.macos64_1.0.100.202403111906/tools/bin/../lib/gcc/arm-none-eabi/12.3.1/thumb/v7e-m/nofp/libgcc.a(_arm_addsubsf3.o)
                              ./app_program/app_main.o (__aeabi_fsub)
/Applications/STM32CubeIDE.app/Contents/Eclipse/plugins/com.st.stm32cube.ide.mcu.externaltools.gnu-tools-for-stm32.12.3.rel1.macos64_1.0.100.202403111906/tools/bin/../lib/gcc/arm-none-eabi/12.3.1/thumb/v7e-m/nofp/libgcc.a(_arm_muldivsf3.o)
                              ./app_program/app_main.o (__aeabi_fdiv)

Discarded input sections

 .group         0x00000000        0xc ./app_program/app_main.o
 .group         0x00000000        0xc ./app_program/app_main.o
 .group         0x00000000        0xc ./app_program/app_main.o
 .group         0x00000000        0xc ./app_program/app_main.o
 .group         0x00000000        0xc ./app_program/app_main.o
 .group         0x00000000        0xc ./app_program/app_main.o
 .group         0x00000000        0xc ./app_program/app_main.o
 .group         0x00000000        0xc ./app_program/app_main.o
 .group         0x00000000        0xc ./app_program/app_main.o
 .group         0x00000000        0xc ./app_program/app_main.o
 .group         0x00000000        0xc ./app_program/app_main.o
 .group         0x00000000        0xc ./app_program/app_main.o
 .group         0x00000000        0xc ./app_program/app_main.o
 .group         0x00000000        0xc ./app_program/app_main.o
 .group         0x00000000        0xc ./app_program/app_main.o
 .group         0x00000000        0xc ./app_program/app_main.o
 .group         0x00000000        0xc ./app_program/app_main.o
 .group         0x00000000        0xc ./app_program/app_main.o
 .group         0x00000000        0xc ./app_program/app_main.o
 .group         0x00000000        0xc ./app_program/app_main.o
 .group         0x00000000        0xc ./app_program/app_main.o
 .group         0x00000000        0xc ./app_program/app_main.o
 .group         0x00000000        0xc ./app_program/app_main.o
 .group         0x00000000        0xc ./app_program/app_main.o
 .group         0x00000000        0xc ./app_program/app_main.o
 .group         0x00000000        0xc ./app_program/app_main.o
 .group         0x00000000        0xc ./device/adc/adc.o
 .group         0x00000000        0xc ./device/adc/adc.o
 .group         0x00000000        0xc ./device/adc/adc.o
 .group         0x00000000        0xc ./device/adc/adc.o
 .group         0x00000000        0xc ./device/adc/adc.o
 .group         0x00000000        0xc ./device/adc/adc.o
 .group         0x00000000        0xc ./device/adc/adc.o
 .group         0x00000000        0xc ./device/adc/adc.o
 .group         0x00000000        0xc ./device/adc/adc.o
 .group         0x00000000        0xc ./device/adc/adc.o
 .group         0x00000000        0xc ./device/adc/adc.o
 .group         0x00000000        0xc ./device/adc/adc.o
 .group         0x00000000        0xc ./device/adc/adc.o
 .group         0x00000000        0xc ./device/adc/adc.o
 .group         0x00000000        0xc ./device/adc/adc.o
 .group         0x00000000        0xc ./device/adc/adc.o
 .group         0x00000000        0xc ./device/adc/adc.o
 .group         0x00000000        0xc ./device/adc/adc.o
 .group         0x00000000        0xc ./device/adc/adc.o
 .group         0x00000000        0xc ./device/adc/adc.o
 .group         0x00000000        0xc ./device/adc/adc.o
 .group         0x00000000        0xc ./device/adc/adc.o
 .group         0x00000000        0xc ./device/adc/adc.o
 .group         0x00000000        0xc ./device/adc/adc.o
 .group         0x00000000        0xc ./device/adc/adc.o
 .group         0x00000000        0xc ./device/adc/adc.o
 .group         0x00000000        0xc ./device/adc/adc.o
 .group         0x00000000        0xc ./device/adc/adc.o
 .group         0x00000000        0xc ./device/adc/adc.o
[...]
Memory Configuration

Name             Origin             Length             Attributes
ITCMRAM          0x00000000         0x00010000         xrw
DTCMRAM          0x20000000         0x00020000         xrw
ROM              0x08000000         0x00100000         xr
RAM_D1           0x24000000         0x00050000         xrw
RAM_D2           0x30000000         0x00008000         xrw
RAM_D3           0x38000000         0x00004000         xrw
*default*        0x00000000         0xffffffff

Linker script and memory map

LOAD ./app_program/app_main.o
LOAD ./device/adc/adc.o
LOAD ./device/adc/sysdepend/rp2040/adc_rp2040.o
LOAD ./device/adc/sysdepend/rx231/adc_rx231.o
LOAD ./device/adc/sysdepend/rx65n/adc_rx65n.o
LOAD ./device/adc/sysdepend/rza2m/adc_rza2m.o
LOAD ./device/adc/sysdepend/stm32h7/adc_stm32h7.o
LOAD ./device/adc/sysdepend/stm32l4/adc_stm32l4.o
LOAD ./device/adc/sysdepend/tx03_m367/adc_m367.o
LOAD ./device/common/drvif/msdrvif.o
LOAD ./device/i2c/i2c.o
LOAD ./device/i2c/sysdepend/rp2040/i2c_rp2040.o
LOAD ./device/i2c/sysdepend/rx231/i2c_rx231.o
LOAD ./device/i2c/sysdepend/rx65n/i2c_rx65n.o
LOAD ./device/i2c/sysdepend/rza2m/i2c_rza2m.o
LOAD ./device/i2c/sysdepend/stm32h7/i2c_stm32h7.o
LOAD ./device/i2c/sysdepend/stm32l4/i2c_stm32l4.o
LOAD ./device/i2c/sysdepend/tx03_m367/i2c_m367.o
LOAD ./device/ser/ser.o
LOAD ./device/ser/sysdepend/rp2040/ser_rp2040.o
LOAD ./device/ser/sysdepend/rx231/ser_rx231.o
LOAD ./device/ser/sysdepend/rx65n/ser_rx65n.o
LOAD ./device/ser/sysdepend/rza2m/ser_rza2m.o
LOAD ./device/ser/sysdepend/stm32h7/ser_stm32h7.o
LOAD ./device/ser/sysdepend/stm32l4/ser_stm32l4.o
LOAD ./device/ser/sysdepend/tx03_m367/ser_m367.o
LOAD ./kernel/inittask/inittask.o
LOAD ./kernel/sysdepend/cpu/core/armv6m/cpu_cntl.o
LOAD ./kernel/sysdepend/cpu/core/armv6m/dispatch.o
LOAD ./kernel/sysdepend/cpu/core/armv6m/exc_hdr.o
LOAD ./kernel/sysdepend/cpu/core/armv6m/interrupt.o
LOAD ./kernel/sysdepend/cpu/core/armv6m/reset_hdl.o
LOAD ./kernel/sysdepend/cpu/core/armv7a/cpu_cntl.o
LOAD ./kernel/sysdepend/cpu/core/armv7a/dispatch.o
LOAD ./kernel/sysdepend/cpu/core/armv7a/exc_entry.o
LOAD ./kernel/sysdepend/cpu/core/armv7a/exc_hdl.o
LOAD ./kernel/sysdepend/cpu/core/armv7a/int_asm.o
LOAD ./kernel/sysdepend/cpu/core/armv7a/interrupt.o
LOAD ./kernel/sysdepend/cpu/core/armv7a/reset_hdl.o
LOAD ./kernel/sysdepend/cpu/core/armv7a/reset_main.o
LOAD ./kernel/sysdepend/cpu/core/armv7a/vector_tbl.o
LOAD ./kernel/sysdepend/cpu/core/armv7m/cpu_cntl.o
LOAD ./kernel/sysdepend/cpu/core/armv7m/dispatch.o
LOAD ./kernel/sysdepend/cpu/core/armv7m/exc_hdr.o
LOAD ./kernel/sysdepend/cpu/core/armv7m/interrupt.o
LOAD ./kernel/sysdepend/cpu/core/armv7m/reset_hdl.o
LOAD ./kernel/sysdepend/cpu/core/rxv2/cpu_cntl.o
LOAD ./kernel/sysdepend/cpu/core/rxv2/dispatch.o
LOAD ./kernel/sysdepend/cpu/core/rxv2/exc_hdr.o
LOAD ./kernel/sysdepend/cpu/core/rxv2/int_asm.o
LOAD ./kernel/sysdepend/cpu/core/rxv2/interrupt.o
LOAD ./kernel/sysdepend/cpu/core/rxv2/reset_hdl.o
LOAD ./kernel/sysdepend/cpu/core/rxv2/reset_main.o
LOAD ./kernel/sysdepend/cpu/core/rxv2/vector_tbl.o
LOAD ./kernel/sysdepend/cpu/rp2040/boot_2nd.o
LOAD ./kernel/sysdepend/cpu/rp2040/vector_tbl.o
LOAD ./kernel/sysdepend/cpu/rx231/hllint_ent.o
LOAD ./kernel/sysdepend/cpu/rx231/hllint_tbl.o
LOAD ./kernel/sysdepend/cpu/rx231/intvect_tbl.o
LOAD ./kernel/sysdepend/cpu/rx65n/group_int.o
LOAD ./kernel/sysdepend/cpu/rx65n/hllint_ent.o
LOAD ./kernel/sysdepend/cpu/rx65n/hllint_tbl.o
LOAD ./kernel/sysdepend/cpu/rx65n/intvect_tbl.o
LOAD ./kernel/sysdepend/cpu/rza2m/sf_boot.o
LOAD ./kernel/sysdepend/cpu/rza2m/ttb_ini.o
LOAD ./kernel/sysdepend/cpu/stm32h7/vector_tbl.o
LOAD ./kernel/sysdepend/cpu/stm32l4/vector_tbl.o
LOAD ./kernel/sysdepend/cpu/tx03_m367/vector_tbl.o
LOAD ./kernel/sysdepend/iote_m367/cpu_clock.o
LOAD ./kernel/sysdepend/iote_m367/devinit.o
LOAD ./kernel/sysdepend/iote_m367/hw_setting.o
LOAD ./kernel/sysdepend/iote_m367/power_save.o
LOAD ./kernel/sysdepend/iote_rx231/cpu_clock.o
LOAD ./kernel/sysdepend/iote_rx231/devinit.o
LOAD ./kernel/sysdepend/iote_rx231/hw_setting.o
LOAD ./kernel/sysdepend/iote_rx231/power_save.o
LOAD ./kernel/sysdepend/iote_rza2m/cpu_clock.o
LOAD ./kernel/sysdepend/iote_rza2m/devinit.o
LOAD ./kernel/sysdepend/iote_rza2m/hw_setting.o
LOAD ./kernel/sysdepend/iote_rza2m/power_save.o
LOAD ./kernel/sysdepend/iote_stm32l4/cpu_clock.o
LOAD ./kernel/sysdepend/iote_stm32l4/devinit.o
LOAD ./kernel/sysdepend/iote_stm32l4/hw_setting.o
LOAD ./kernel/sysdepend/iote_stm32l4/power_save.o
LOAD ./kernel/sysdepend/nucleo_h723/cpu_clock.o
LOAD ./kernel/sysdepend/nucleo_h723/devinit.o
LOAD ./kernel/sysdepend/nucleo_h723/hw_setting.o
LOAD ./kernel/sysdepend/nucleo_h723/power_save.o
LOAD ./kernel/sysdepend/nucleo_l476/cpu_clock.o
LOAD ./kernel/sysdepend/nucleo_l476/devinit.o
LOAD ./kernel/sysdepend/nucleo_l476/hw_setting.o
LOAD ./kernel/sysdepend/nucleo_l476/power_save.o
LOAD ./kernel/sysdepend/pico_rp2040/cpu_clock.o
LOAD ./kernel/sysdepend/pico_rp2040/devinit.o
LOAD ./kernel/sysdepend/pico_rp2040/hw_setting.o
LOAD ./kernel/sysdepend/pico_rp2040/power_save.o
LOAD ./kernel/sysdepend/rsk_rx65n/cpu_clock.o
LOAD ./kernel/sysdepend/rsk_rx65n/devinit.o
LOAD ./kernel/sysdepend/rsk_rx65n/hw_setting.o
LOAD ./kernel/sysdepend/rsk_rx65n/power_save.o
LOAD ./kernel/sysdepend/rtb_rx65n/cpu_clock.o
LOAD ./kernel/sysdepend/rtb_rx65n/devinit.o
LOAD ./kernel/sysdepend/rtb_rx65n/hw_setting.o
LOAD ./kernel/sysdepend/rtb_rx65n/power_save.o
LOAD ./kernel/sysinit/sysinit.o
LOAD ./kernel/tkernel/cpuctl.o
LOAD ./kernel/tkernel/device.o
LOAD ./kernel/tkernel/deviceio.o
LOAD ./kernel/tkernel/eventflag.o
LOAD ./kernel/tkernel/int.o
LOAD ./kernel/tkernel/klock.o
LOAD ./kernel/tkernel/mailbox.o
LOAD ./kernel/tkernel/memory.o
LOAD ./kernel/tkernel/mempfix.o
LOAD ./kernel/tkernel/mempool.o
LOAD ./kernel/tkernel/messagebuf.o
LOAD ./kernel/tkernel/misc_calls.o
LOAD ./kernel/tkernel/mutex.o
LOAD ./kernel/tkernel/objname.o
LOAD ./kernel/tkernel/power.o
LOAD ./kernel/tkernel/rendezvous.o
LOAD ./kernel/tkernel/semaphore.o
LOAD ./kernel/tkernel/task.o
LOAD ./kernel/tkernel/task_manage.o
LOAD ./kernel/tkernel/task_sync.o
LOAD ./kernel/tkernel/time_calls.o
LOAD ./kernel/tkernel/timer.o
LOAD ./kernel/tkernel/tkinit.o
LOAD ./kernel/tkernel/wait.o
LOAD ./kernel/tstdlib/bitop.o
LOAD ./kernel/tstdlib/string.o
LOAD ./kernel/usermain/usermain.o
LOAD ./lib/libbsp/sysdepend/cpu/rp2040/libbsp_pwm.o
LOAD ./lib/libtk/fastlock.o
LOAD ./lib/libtk/fastmlock.o
LOAD ./lib/libtk/kmalloc.o
LOAD ./lib/libtk/sysdepend/cpu/core/armv6m/int_armv6m.o
LOAD ./lib/libtk/sysdepend/cpu/core/armv6m/wusec_armv6m.o
LOAD ./lib/libtk/sysdepend/cpu/core/armv7a/int_armv7a.o
LOAD ./lib/libtk/sysdepend/cpu/core/armv7a/wusec_armv7a.o
LOAD ./lib/libtk/sysdepend/cpu/core/armv7m/int_armv7m.o
LOAD ./lib/libtk/sysdepend/cpu/core/armv7m/wusec_armv7m.o
LOAD ./lib/libtk/sysdepend/cpu/core/rxv2/int_rxv2.o
LOAD ./lib/libtk/sysdepend/cpu/core/rxv2/wusec_rvx2.o
LOAD ./lib/libtk/sysdepend/cpu/rp2040/int_rp2040.o
LOAD ./lib/libtk/sysdepend/cpu/rp2040/ptimer_rp2040.o
LOAD ./lib/libtk/sysdepend/cpu/rx231/int_rx231.o
LOAD ./lib/libtk/sysdepend/cpu/rx231/ipr_rx231.o
LOAD ./lib/libtk/sysdepend/cpu/rx231/ptimer_rx231.o
LOAD ./lib/libtk/sysdepend/cpu/rx65n/int_rx65n.o
LOAD ./lib/libtk/sysdepend/cpu/rx65n/ipr_rx65n.o
LOAD ./lib/libtk/sysdepend/cpu/rx65n/ptimer_rx65n.o
LOAD ./lib/libtk/sysdepend/cpu/rza2m/ptimer_rza2m.o
LOAD ./lib/libtk/sysdepend/cpu/stm32h7/int_stm32h7.o
LOAD ./lib/libtk/sysdepend/cpu/stm32h7/ptimer_stm32h7.o
LOAD ./lib/libtk/sysdepend/cpu/stm32l4/int_stm32l4.o
LOAD ./lib/libtk/sysdepend/cpu/stm32l4/ptimer_stm32l4.o
LOAD ./lib/libtk/sysdepend/cpu/tx03_m367/int_m367.o
LOAD ./lib/libtk/sysdepend/cpu/tx03_m367/ptimer_m367.o
LOAD ./lib/libtm/libtm.o
LOAD ./lib/libtm/libtm_printf.o
LOAD ./lib/libtm/sysdepend/iote_m367/tm_com.o
LOAD ./lib/libtm/sysdepend/iote_rx231/tm_com.o
LOAD ./lib/libtm/sysdepend/iote_rza2m/tm_com.o
LOAD ./lib/libtm/sysdepend/iote_stm32l4/tm_com.o
LOAD ./lib/libtm/sysdepend/no_device/tm_com.o
LOAD ./lib/libtm/sysdepend/nucleo_h723/tm_com.o
LOAD ./lib/libtm/sysdepend/nucleo_l476/tm_com.o
LOAD ./lib/libtm/sysdepend/pico_rp2040/tm_com.o
LOAD ./lib/libtm/sysdepend/rsk_rz65n/tm_com.o
START GROUP
LOAD /Applications/STM32CubeIDE.app/Contents/Eclipse/plugins/com.st.stm32cube.ide.mcu.externaltools.gnu-tools-for-stm32.12.3.rel1.macos64_1.0.100.202403111906/tools/bin/../lib/gcc/arm-none-eabi/12.3.1/../../../../arm-none-eabi/lib/thumb/v7e-m/nofp/libc_nano.a
LOAD /Applications/STM32CubeIDE.app/Contents/Eclipse/plugins/com.st.stm32cube.ide.mcu.externaltools.gnu-tools-for-stm32.12.3.rel1.macos64_1.0.100.202403111906/tools/bin/../lib/gcc/arm-none-eabi/12.3.1/../../../../arm-none-eabi/lib/thumb/v7e-m/nofp/libm.a
END GROUP
START GROUP
LOAD /Applications/STM32CubeIDE.app/Contents/Eclipse/plugins/com.st.stm32cube.ide.mcu.externaltools.gnu-tools-for-stm32.12.3.rel1.macos64_1.0.100.202403111906/tools/bin/../lib/gcc/arm-none-eabi/12.3.1/thumb/v7e-m/nofp/libgcc.a
LOAD /Applications/STM32CubeIDE.app/Contents/Eclipse/plugins/com.st.stm32cube.ide.mcu.externaltools.gnu-tools-for-stm32.12.3.rel1.macos64_1.0.100.202403111906/tools/bin/../lib/gcc/arm-none-eabi/12.3.1/../../../../arm-none-eabi/lib/thumb/v7e-m/nofp/libc_nano.a
END GROUP
START GROUP
LOAD /Applications/STM32CubeIDE.app/Contents/Eclipse/plugins/com.st.stm32cube.ide.mcu.externaltools.gnu-tools-for-stm32.12.3.rel1.macos64_1.0.100.202403111906/tools/bin/../lib/gcc/arm-none-eabi/12.3.1/thumb/v7e-m/nofp/libgcc.a
LOAD /Applications/STM32CubeIDE.app/Contents/Eclipse/plugins/com.st.stm32cube.ide.mcu.externaltools.gnu-tools-for-stm32.12.3.rel1.macos64_1.0.100.202403111906/tools/bin/../lib/gcc/arm-none-eabi/12.3.1/../../../../arm-none-eabi/lib/thumb/v7e-m/nofp/libc_nano.a
LOAD /Applications/STM32CubeIDE.app/Contents/Eclipse/plugins/com.st.stm32cube.ide.mcu.externaltools.gnu-tools-for-stm32.12.3.rel1.macos64_1.0.100.202403111906/tools/bin/../lib/gcc/arm-none-eabi/12.3.1/../../../../arm-none-eabi/lib/thumb/v7e-m/nofp/libnosys.a
END GROUP
START GROUP
LOAD /Applications/STM32CubeIDE.app/Contents/Eclipse/plugins/com.st.stm32cube.ide.mcu.externaltools.gnu-tools-for-stm32.12.3.rel1.macos64_1.0.100.202403111906/tools/bin/../lib/gcc/arm-none-eabi/12.3.1/thumb/v7e-m/nofp/libgcc.a
LOAD /Applications/STM32CubeIDE.app/Contents/Eclipse/plugins/com.st.stm32cube.ide.mcu.externaltools.gnu-tools-for-stm32.12.3.rel1.macos64_1.0.100.202403111906/tools/bin/../lib/gcc/arm-none-eabi/12.3.1/../../../../arm-none-eabi/lib/thumb/v7e-m/nofp/libc_nano.a
LOAD /Applications/STM32CubeIDE.app/Contents/Eclipse/plugins/com.st.stm32cube.ide.mcu.externaltools.gnu-tools-for-stm32.12.3.rel1.macos64_1.0.100.202403111906/tools/bin/../lib/gcc/arm-none-eabi/12.3.1/../../../../arm-none-eabi/lib/thumb/v7e-m/nofp/libnosys.a
END GROUP

.text           0x08000000     0xef0c
                0x08000000                        . = ALIGN (0x8)
                0x08000000                        __vector_org = .
 *(.vector)
 .vector        0x08000000      0x338 ./kernel/sysdepend/cpu/stm32h7/vector_tbl.o
                0x08000000                vector_tbl
                0x08000338                        __start = .
 *(.text)
 .text          0x08000338        0x0 ./app_program/app_main.o
 .text          0x08000338        0x0 ./device/adc/adc.o
 .text          0x08000338        0x0 ./device/adc/sysdepend/rp2040/adc_rp2040.o
 .text          0x08000338        0x0 ./device/adc/sysdepend/rx231/adc_rx231.o
 .text          0x08000338        0x0 ./device/adc/sysdepend/rx65n/adc_rx65n.o
 .text          0x08000338        0x0 ./device/adc/sysdepend/rza2m/adc_rza2m.o
 .text          0x08000338        0x0 ./device/adc/sysdepend/stm32h7/adc_stm32h7.o
 .text          0x08000338        0x0 ./device/adc/sysdepend/stm32l4/adc_stm32l4.o
 .text          0x08000338        0x0 ./device/adc/sysdepend/tx03_m367/adc_m367.o
 .text          0x08000338        0x0 ./device/common/drvif/msdrvif.o
 .text          0x08000338        0x0 ./device/i2c/i2c.o
 .text          0x08000338        0x0 ./device/i2c/sysdepend/rp2040/i2c_rp2040.o
 .text          0x08000338        0x0 ./device/i2c/sysdepend/rx231/i2c_rx231.o
 .text          0x08000338        0x0 ./device/i2c/sysdepend/rx65n/i2c_rx65n.o
 .text          0x08000338        0x0 ./device/i2c/sysdepend/rza2m/i2c_rza2m.o
 .text          0x08000338        0x0 ./device/i2c/sysdepend/stm32h7/i2c_stm32h7.o
 .text          0x08000338        0x0 ./device/i2c/sysdepend/stm32l4/i2c_stm32l4.o
 .text          0x08000338        0x0 ./device/i2c/sysdepend/tx03_m367/i2c_m367.o
 .text          0x08000338        0x0 ./device/ser/ser.o
 .text          0x08000338        0x0 ./device/ser/sysdepend/rp2040/ser_rp2040.o
 .text          0x08000338        0x0 ./device/ser/sysdepend/rx231/ser_rx231.o
 .text          0x08000338        0x0 ./device/ser/sysdepend/rx65n/ser_rx65n.o
 .text          0x08000338        0x0 ./device/ser/sysdepend/rza2m/ser_rza2m.o
 .text          0x08000338        0x0 ./device/ser/sysdepend/stm32h7/ser_stm32h7.o
 .text          0x08000338        0x0 ./device/ser/sysdepend/stm32l4/ser_stm32l4.o
 .text          0x08000338        0x0 ./device/ser/sysdepend/tx03_m367/ser_m367.o
 .text          0x08000338        0x0 ./kernel/inittask/inittask.o
 .text          0x08000338        0x0 ./kernel/sysdepend/cpu/core/armv6m/cpu_cntl.o
 .text          0x08000338        0x0 ./kernel/sysdepend/cpu/core/armv6m/dispatch.o
 .text          0x08000338        0x0 ./kernel/sysdepend/cpu/core/armv6m/exc_hdr.o
 .text          0x08000338        0x0 ./kernel/sysdepend/cpu/core/armv6m/interrupt.o
 .text          0x08000338        0x0 ./kernel/sysdepend/cpu/core/armv6m/reset_hdl.o
 .text          0x08000338        0x0 ./kernel/sysdepend/cpu/core/armv7a/cpu_cntl.o
 .text          0x08000338        0x0 ./kernel/sysdepend/cpu/core/armv7a/dispatch.o
 .text          0x08000338        0x0 ./kernel/sysdepend/cpu/core/armv7a/exc_entry.o
 .text          0x08000338        0x0 ./kernel/sysdepend/cpu/core/armv7a/exc_hdl.o
 .text          0x08000338        0x0 ./kernel/sysdepend/cpu/core/armv7a/int_asm.o
 .text          0x08000338        0x0 ./kernel/sysdepend/cpu/core/armv7a/interrupt.o
 .text          0x08000338        0x0 ./kernel/sysdepend/cpu/core/armv7a/reset_hdl.o
 .text          0x08000338        0x0 ./kernel/sysdepend/cpu/core/armv7a/reset_main.o
 .text          0x08000338        0x0 ./kernel/sysdepend/cpu/core/armv7a/vector_tbl.o
 .text          0x08000338        0x0 ./kernel/sysdepend/cpu/core/armv7m/cpu_cntl.o
 .text          0x08000338       0x88 ./kernel/sysdepend/cpu/core/armv7m/dispatch.o
                0x08000338                knl_dispatch_entry
 .text          0x080003c0        0x0 ./kernel/sysdepend/cpu/core/armv7m/exc_hdr.o
 .text          0x080003c0        0x0 ./kernel/sysdepend/cpu/core/armv7m/interrupt.o
 .text          0x080003c0        0x0 ./kernel/sysdepend/cpu/core/armv7m/reset_hdl.o
 .text          0x080003c0        0x0 ./kernel/sysdepend/cpu/core/rxv2/cpu_cntl.o
 .text          0x080003c0        0x0 ./kernel/sysdepend/cpu/core/rxv2/dispatch.o
 .text          0x080003c0        0x0 ./kernel/sysdepend/cpu/core/rxv2/exc_hdr.o
 .text          0x080003c0        0x0 ./kernel/sysdepend/cpu/core/rxv2/int_asm.o
 .text          0x080003c0        0x0 ./kernel/sysdepend/cpu/core/rxv2/interrupt.o
 .text          0x080003c0        0x0 ./kernel/sysdepend/cpu/core/rxv2/reset_hdl.o
 .text          0x080003c0        0x0 ./kernel/sysdepend/cpu/core/rxv2/reset_main.o
 .text          0x080003c0        0x0 ./kernel/sysdepend/cpu/core/rxv2/vector_tbl.o
 .text          0x080003c0        0x0 ./kernel/sysdepend/cpu/rp2040/boot_2nd.o
 .text          0x080003c0        0x0 ./kernel/sysdepend/cpu/rp2040/vector_tbl.o
 .text          0x080003c0        0x0 ./kernel/sysdepend/cpu/rx231/hllint_ent.o
 .text          0x080003c0        0x0 ./kernel/sysdepend/cpu/rx231/hllint_tbl.o
 .text          0x080003c0        0x0 ./kernel/sysdepend/cpu/rx231/intvect_tbl.o
 .text          0x080003c0        0x0 ./kernel/sysdepend/cpu/rx65n/group_int.o
 .text          0x080003c0        0x0 ./kernel/sysdepend/cpu/rx65n/hllint_ent.o
 .text          0x080003c0        0x0 ./kernel/sysdepend/cpu/rx65n/hllint_tbl.o
 .text          0x080003c0        0x0 ./kernel/sysdepend/cpu/rx65n/intvect_tbl.o
 .text          0x080003c0        0x0 ./kernel/sysdepend/cpu/rza2m/sf_boot.o
 .text          0x080003c0        0x0 ./kernel/sysdepend/cpu/rza2m/ttb_ini.o
 .text          0x080003c0        0x0 ./kernel/sysdepend/cpu/stm32h7/vector_tbl.o
 .text          0x080003c0        0x0 ./kernel/sysdepend/cpu/stm32l4/vector_tbl.o
 .text          0x080003c0        0x0 ./kernel/sysdepend/cpu/tx03_m367/vector_tbl.o
 .text          0x080003c0        0x0 ./kernel/sysdepend/iote_m367/cpu_clock.o
 .text          0x080003c0        0x0 ./kernel/sysdepend/iote_m367/devinit.o
 .text          0x080003c0        0x0 ./kernel/sysdepend/iote_m367/hw_setting.o
 .text          0x080003c0        0x0 ./kernel/sysdepend/iote_m367/power_save.o
 .text          0x080003c0        0x0 ./kernel/sysdepend/iote_rx231/cpu_clock.o
 .text          0x080003c0        0x0 ./kernel/sysdepend/iote_rx231/devinit.o
 .text          0x080003c0        0x0 ./kernel/sysdepend/iote_rx231/hw_setting.o
 .text          0x080003c0        0x0 ./kernel/sysdepend/iote_rx231/power_save.o
 .text          0x080003c0        0x0 ./kernel/sysdepend/iote_rza2m/cpu_clock.o
 .text          0x080003c0        0x0 ./kernel/sysdepend/iote_rza2m/devinit.o
 .text          0x080003c0        0x0 ./kernel/sysdepend/iote_rza2m/hw_setting.o
 .text          0x080003c0        0x0 ./kernel/sysdepend/iote_rza2m/power_save.o
 .text          0x080003c0        0x0 ./kernel/sysdepend/iote_stm32l4/cpu_clock.o
 .text          0x080003c0        0x0 ./kernel/sysdepend/iote_stm32l4/devinit.o
 .text          0x080003c0        0x0 ./kernel/sysdepend/iote_stm32l4/hw_setting.o
 .text          0x080003c0        0x0 ./kernel/sysdepend/iote_stm32l4/power_save.o
 .text          0x080003c0        0x0 ./kernel/sysdepend/nucleo_h723/cpu_clock.o
 .text          0x080003c0        0x0 ./kernel/sysdepend/nucleo_h723/devinit.o
 .text          0x080003c0        0x0 ./kernel/sysdepend/nucleo_h723/hw_setting.o
 .text          0x080003c0        0x0 ./kernel/sysdepend/nucleo_h723/power_save.o
 .text          0x080003c0        0x0 ./kernel/sysdepend/nucleo_l476/cpu_clock.o
 .text          0x080003c0        0x0 ./kernel/sysdepend/nucleo_l476/devinit.o
 .text          0x080003c0        0x0 ./kernel/sysdepend/nucleo_l476/hw_setting.o
 .text          0x080003c0        0x0 ./kernel/sysdepend/nucleo_l476/power_save.o
 .text          0x080003c0        0x0 ./kernel/sysdepend/pico_rp2040/cpu_clock.o
 .text          0x080003c0        0x0 ./kernel/sysdepend/pico_rp2040/devinit.o
 .text          0x080003c0        0x0 ./kernel/sysdepend/pico_rp2040/hw_setting.o
 .text          0x080003c0        0x0 ./kernel/sysdepend/pico_rp2040/power_save.o
 .text          0x080003c0        0x0 ./kernel/sysdepend/rsk_rx65n/cpu_clock.o
 .text          0x080003c0        0x0 ./kernel/sysdepend/rsk_rx65n/devinit.o
 .text          0x080003c0        0x0 ./kernel/sysdepend/rsk_rx65n/hw_setting.o
 .text          0x080003c0        0x0 ./kernel/sysdepend/rsk_rx65n/power_save.o
 .text          0x080003c0        0x0 ./kernel/sysdepend/rtb_rx65n/cpu_clock.o
 .text          0x080003c0        0x0 ./kernel/sysdepend/rtb_rx65n/devinit.o
 .text          0x080003c0        0x0 ./kernel/sysdepend/rtb_rx65n/hw_setting.o
 .text          0x080003c0        0x0 ./kernel/sysdepend/rtb_rx65n/power_save.o
 .text          0x080003c0        0x0 ./kernel/sysinit/sysinit.o
 .text          0x080003c0        0x0 ./kernel/tkernel/cpuctl.o
 .text          0x080003c0        0x0 ./kernel/tkernel/device.o
 .text          0x080003c0        0x0 ./kernel/tkernel/deviceio.o
 .text          0x080003c0        0x0 ./kernel/tkernel/eventflag.o
 .text          0x080003c0        0x0 ./kernel/tkernel/int.o
 .text          0x080003c0        0x0 ./kernel/tkernel/klock.o
 .text          0x080003c0        0x0 ./kernel/tkernel/mailbox.o
 .text          0x080003c0        0x0 ./kernel/tkernel/memory.o
 .text          0x080003c0        0x0 ./kernel/tkernel/mempfix.o
 .text          0x080003c0        0x0 ./kernel/tkernel/mempool.o
 .text          0x080003c0        0x0 ./kernel/tkernel/messagebuf.o
 .text          0x080003c0        0x0 ./kernel/tkernel/misc_calls.o
 .text          0x080003c0        0x0 ./kernel/tkernel/mutex.o
 .text          0x080003c0        0x0 ./kernel/tkernel/objname.o
 .text          0x080003c0        0x0 ./kernel/tkernel/power.o
 .text          0x080003c0        0x0 ./kernel/tkernel/rendezvous.o
 .text          0x080003c0        0x0 ./kernel/tkernel/semaphore.o
 .text          0x080003c0        0x0 ./kernel/tkernel/task.o
 .text          0x080003c0        0x0 ./kernel/tkernel/task_manage.o
 .text          0x080003c0        0x0 ./kernel/tkernel/task_sync.o
 .text          0x080003c0        0x0 ./kernel/tkernel/time_calls.o
 .text          0x080003c0        0x0 ./kernel/tkernel/timer.o
 .text          0x080003c0        0x0 ./kernel/tkernel/tkinit.o
 .text          0x080003c0        0x0 ./kernel/tkernel/wait.o
 .text          0x080003c0        0x0 ./kernel/tstdlib/bitop.o
 .text          0x080003c0        0x0 ./kernel/tstdlib/string.o
 .text          0x080003c0        0x0 ./kernel/usermain/usermain.o
 .text          0x080003c0        0x0 ./lib/libbsp/sysdepend/cpu/rp2040/libbsp_pwm.o
 .text          0x080003c0        0x0 ./lib/libtk/fastlock.o
 .text          0x080003c0        0x0 ./lib/libtk/fastmlock.o
 .text          0x080003c0        0x0 ./lib/libtk/kmalloc.o
 .text          0x080003c0        0x0 ./lib/libtk/sysdepend/cpu/core/armv6m/int_armv6m.o
 .text          0x080003c0        0x0 ./lib/libtk/sysdepend/cpu/core/armv6m/wusec_armv6m.o
 .text          0x080003c0        0x0 ./lib/libtk/sysdepend/cpu/core/armv7a/int_armv7a.o
 .text          0x080003c0        0x0 ./lib/libtk/sysdepend/cpu/core/armv7a/wusec_armv7a.o
 .text          0x080003c0        0x0 ./lib/libtk/sysdepend/cpu/core/armv7m/int_armv7m.o
 .text          0x080003c0        0x0 ./lib/libtk/sysdepend/cpu/core/armv7m/wusec_armv7m.o
 .text          0x080003c0        0x0 ./lib/libtk/sysdepend/cpu/core/rxv2/int_rxv2.o
 .text          0x080003c0        0x0 ./lib/libtk/sysdepend/cpu/core/rxv2/wusec_rvx2.o
 .text          0x080003c0        0x0 ./lib/libtk/sysdepend/cpu/rp2040/int_rp2040.o
 .text          0x080003c0        0x0 ./lib/libtk/sysdepend/cpu/rp2040/ptimer_rp2040.o
 .text          0x080003c0        0x0 ./lib/libtk/sysdepend/cpu/rx231/int_rx231.o
 .text          0x080003c0        0x0 ./lib/libtk/sysdepend/cpu/rx231/ipr_rx231.o
 .text          0x080003c0        0x0 ./lib/libtk/sysdepend/cpu/rx231/ptimer_rx231.o
 .text          0x080003c0        0x0 ./lib/libtk/sysdepend/cpu/rx65n/int_rx65n.o
 .text          0x080003c0        0x0 ./lib/libtk/sysdepend/cpu/rx65n/ipr_rx65n.o
 .text          0x080003c0        0x0 ./lib/libtk/sysdepend/cpu/rx65n/ptimer_rx65n.o
 .text          0x080003c0        0x0 ./lib/libtk/sysdepend/cpu/rza2m/ptimer_rza2m.o
 .text          0x080003c0        0x0 ./lib/libtk/sysdepend/cpu/stm32h7/int_stm32h7.o
 .text          0x080003c0        0x0 ./lib/libtk/sysdepend/cpu/stm32h7/ptimer_stm32h7.o
 .text          0x080003c0        0x0 ./lib/libtk/sysdepend/cpu/stm32l4/int_stm32l4.o
 .text          0x080003c0        0x0 ./lib/libtk/sysdepend/cpu/stm32l4/ptimer_stm32l4.o
 .text          0x080003c0        0x0 ./lib/libtk/sysdepend/cpu/tx03_m367/int_m367.o
 .text          0x080003c0        0x0 ./lib/libtk/sysdepend/cpu/tx03_m367/ptimer_m367.o
 .text          0x080003c0        0x0 ./lib/libtm/libtm.o
 .text          0x080003c0        0x0 ./lib/libtm/libtm_printf.o
 .text          0x080003c0        0x0 ./lib/libtm/sysdepend/iote_m367/tm_com.o
 .text          0x080003c0        0x0 ./lib/libtm/sysdepend/iote_rx231/tm_com.o
 .text          0x080003c0        0x0 ./lib/libtm/sysdepend/iote_rza2m/tm_com.o
 .text          0x080003c0        0x0 ./lib/libtm/sysdepend/iote_stm32l4/tm_com.o
 .text          0x080003c0        0x0 ./lib/libtm/sysdepend/no_device/tm_com.o
 .text          0x080003c0        0x0 ./lib/libtm/sysdepend/nucleo_h723/tm_com.o
 .text          0x080003c0        0x0 ./lib/libtm/sysdepend/nucleo_l476/tm_com.o
 .text          0x080003c0        0x0 ./lib/libtm/sysdepend/pico_rp2040/tm_com.o
 .text          0x080003c0        0x0 ./lib/libtm/sysdepend/rsk_rz65n/tm_com.o
 .text          0x080003c0        0x0 /Applications/STM32CubeIDE.app/Contents/Eclipse/plugins/com.st.stm32cube.ide.mcu.externaltools.gnu-tools-for-stm32.12.3.rel1.macos64_1.0.100.202403111906/tools/bin/../lib/gcc/arm-none-eabi/12.3.1/../../../../arm-none-eabi/lib/thumb/v7e-m/nofp/libc_nano.a(libc_a-memset.o)
 .text          0x080003c0      0x168 /Applications/STM32CubeIDE.app/Contents/Eclipse/plugins/com.st.stm32cube.ide.mcu.externaltools.gnu-tools-for-stm32.12.3.rel1.macos64_1.0.100.202403111906/tools/bin/../lib/gcc/arm-none-eabi/12.3.1/thumb/v7e-m/nofp/libgcc.a(_arm_mulsf3.o)
 .text          0x08000528      0x378 /Applications/STM32CubeIDE.app/Contents/Eclipse/plugins/com.st.stm32cube.ide.mcu.externaltools.gnu-tools-for-stm32.12.3.rel1.macos64_1.0.100.202403111906/tools/bin/../lib/gcc/arm-none-eabi/12.3.1/thumb/v7e-m/nofp/libgcc.a(_arm_addsubdf3.o)
                0x08000528                __aeabi_drsub
                0x08000530                __subdf3
                0x08000530                __aeabi_dsub
                0x08000534                __aeabi_dadd
                0x08000534                __adddf3
                0x080007ac                __aeabi_ui2d
                0x080007ac                __floatunsidf
                0x080007cc                __floatsidf
                0x080007cc                __aeabi_i2d
                0x080007f0                __extendsfdf2
                0x080007f0                __aeabi_f2d
                0x08000834                __aeabi_ul2d
                0x08000834                __floatundidf
                0x08000844                __aeabi_l2d
                0x08000844                __floatdidf
 .text          0x080008a0      0x21c /Applications/STM32CubeIDE.app/Contents/Eclipse/plugins/com.st.stm32cube.ide.mcu.externaltools.gnu-tools-for-stm32.12.3.rel1.macos64_1.0.100.202403111906/tools/bin/../lib/gcc/arm-none-eabi/12.3.1/thumb/v7e-m/nofp/libgcc.a(_arm_addsubsf3.o)
                0x080008a0                __aeabi_frsub
                0x080008a8                __aeabi_fsub
                0x080008a8                __subsf3
                0x080008ac                __aeabi_fadd
                0x080008ac                __addsf3
                0x08000a0c                __aeabi_ui2f
                0x08000a0c                __floatunsisf
                0x08000a14                __floatsisf
                0x08000a14                __aeabi_i2f
                0x08000a30                __aeabi_ul2f
                0x08000a30                __floatundisf
                0x08000a40                __aeabi_l2f
                0x08000a40                __floatdisf
 .text          0x08000abc      0x2a0 /Applications/STM32CubeIDE.app/Contents/Eclipse/plugins/com.st.stm32cube.ide.mcu.externaltools.gnu-tools-for-stm32.12.3.rel1.macos64_1.0.100.202403111906/tools/bin/../lib/gcc/arm-none-eabi/12.3.1/thumb/v7e-m/nofp/libgcc.a(_arm_muldivsf3.o)
                0x08000abc                __mulsf3
                0x08000abc                __aeabi_fmul
                0x08000c24                __divsf3
                0x08000c24                __aeabi_fdiv
 *(.text.*)
 .text.kalman_init
                0x08000d5c       0x30 ./app_program/app_main.o
                0x08000d5c                kalman_init
 .text.kalman_update
                0x08000d8c       0xa8 ./app_program/app_main.o
                0x08000d8c                kalman_update
 .text.i2c_read_register
                0x08000e34       0xa4 ./app_program/app_main.o
 .text.read_mpu9250
                0x08000ed8       0x82 ./app_program/app_main.o
 *fill*         0x08000f5a        0x2 
 .text.uart_init
                0x08000f5c       0x40 ./app_program/app_main.o
 .text.uart_read_angle
                0x08000f9c       0x60 ./app_program/app_main.o
 .text.task_1   0x08000ffc       0x48 ./app_program/app_main.o
 .text.task_2   0x08001044       0x24 ./app_program/app_main.o
 .text.task_motor_odometry
                0x08001068      0x148 ./app_program/app_main.o
 .text.usermain
                0x080011b0      0x140 ./app_program/app_main.o
                0x080011b0                usermain
 .text.read_atr
                0x080012f0       0x58 ./device/adc/adc.o
 .text.write_atr
                0x08001348       0x58 ./device/adc/adc.o
 .text.read_data
                0x080013a0       0x80 ./device/adc/adc.o
 .text.dev_adc_openfn
                0x08001420       0x36 ./device/adc/adc.o
                0x08001420                dev_adc_openfn
 .text.dev_adc_closefn
                0x08001456       0x30 ./device/adc/adc.o
                0x08001456                dev_adc_closefn
 .text.dev_adc_readfn
                0x08001486       0x4c ./device/adc/adc.o
                0x08001486                dev_adc_readfn
 .text.dev_adc_writefn
                0x080014d2       0x34 ./device/adc/adc.o
                0x080014d2                dev_adc_writefn
 .text.dev_adc_eventfn
                0x08001506       0x1a ./device/adc/adc.o
                0x08001506                dev_adc_eventfn
 .text.dev_init_adc
                0x08001520      0x10c ./device/adc/adc.o
                0x08001520                dev_init_adc
 .text.out_w    0x0800162c       0x1a ./device/adc/sysdepend/stm32h7/adc_stm32h7.o
 .text.in_w     0x08001646       0x16 ./device/adc/sysdepend/stm32h7/adc_stm32h7.o
 .text.adc_inthdr
                0x0800165c      0x100 ./device/adc/sysdepend/stm32h7/adc_stm32h7.o
                0x0800165c                adc_inthdr
 .text.adc_convert
                0x0800175c      0x144 ./device/adc/sysdepend/stm32h7/adc_stm32h7.o
 .text.adc_open
                0x080018a0       0xf8 ./device/adc/sysdepend/stm32h7/adc_stm32h7.o
 .text.adc_close
                0x08001998       0x54 ./device/adc/sysdepend/stm32h7/adc_stm32h7.o
 .text.dev_adc_llctl
                0x080019ec       0x74 ./device/adc/sysdepend/stm32h7/adc_stm32h7.o
                0x080019ec                dev_adc_llctl
 .text.dev_adc_llinit
                0x08001a60      0x178 ./device/adc/sysdepend/stm32h7/adc_stm32h7.o
                0x08001a60                dev_adc_llinit
 .text.msdi_openfn
                0x08001bd8       0x44 ./device/common/drvif/msdrvif.o
 .text.msdi_closefn
                0x08001c1c       0x44 ./device/common/drvif/msdrvif.o
 .text.msdi_execfn
                0x08001c60       0x76 ./device/common/drvif/msdrvif.o
 .text.msdi_waitfn
                0x08001cd6       0x1a ./device/common/drvif/msdrvif.o
 .text.msdi_abortfn
                0x08001cf0       0x1a ./device/common/drvif/msdrvif.o
 .text.msdi_eventfn
                0x08001d0a       0x44 ./device/common/drvif/msdrvif.o
 *fill*         0x08001d4e        0x2 
 .text.msdi_def_dev
                0x08001d50       0xf0 ./device/common/drvif/msdrvif.o
                0x08001d50                msdi_def_dev
 .text.msdi_del_dev
                0x08001e40       0x3c ./device/common/drvif/msdrvif.o
                0x08001e40                msdi_del_dev
 .text.read_atr
                0x08001e7c       0x58 ./device/i2c/i2c.o
 .text.write_atr
                0x08001ed4       0xe0 ./device/i2c/i2c.o
 .text.read_data
                0x08001fb4       0x72 ./device/i2c/i2c.o
 .text.write_data
                0x08002026       0x72 ./device/i2c/i2c.o
 .text.dev_i2c_openfn
                0x08002098       0x36 ./device/i2c/i2c.o
                0x08002098                dev_i2c_openfn
 .text.dev_i2c_closefn
                0x080020ce       0x30 ./device/i2c/i2c.o
                0x080020ce                dev_i2c_closefn
 .text.dev_i2c_readfn
                0x080020fe       0x38 ./device/i2c/i2c.o
                0x080020fe                dev_i2c_readfn
 .text.dev_i2c_writefn
                0x08002136       0x38 ./device/i2c/i2c.o
                0x08002136                dev_i2c_writefn
 .text.dev_i2c_eventfn
                0x0800216e       0x1a ./device/i2c/i2c.o
                0x0800216e                dev_i2c_eventfn
 .text.dev_init_i2c
                0x08002188      0x10c ./device/i2c/i2c.o
                0x08002188                dev_init_i2c
 .text.i2c_read_reg
                0x08002294       0x44 ./device/i2c/i2c.o
                0x08002294                i2c_read_reg
 .text.i2c_write_reg
                0x080022d8       0x38 ./device/i2c/i2c.o
                0x080022d8                i2c_write_reg
 .text.out_w    0x08002310       0x1a ./device/i2c/sysdepend/stm32h7/i2c_stm32h7.o
 .text.in_w     0x0800232a       0x16 ./device/i2c/sysdepend/stm32h7/i2c_stm32h7.o
 .text.i2c_evhdr
                0x08002340      0x1c4 ./device/i2c/sysdepend/stm32h7/i2c_stm32h7.o
 .text.i2c_erhdr
                0x08002504       0xa8 ./device/i2c/sysdepend/stm32h7/i2c_stm32h7.o
 .text.i2c_trans
                0x080025ac      0x15c ./device/i2c/sysdepend/stm32h7/i2c_stm32h7.o
 .text.set_com_start
                0x08002708       0x70 ./device/i2c/sysdepend/stm32h7/i2c_stm32h7.o
 .text.dev_i2c_llctl
                0x08002778      0x1ac ./device/i2c/sysdepend/stm32h7/i2c_stm32h7.o
                0x08002778                dev_i2c_llctl
 .text.dev_i2c_llinit
                0x08002924       0xf8 ./device/i2c/sysdepend/stm32h7/i2c_stm32h7.o
                0x08002924                dev_i2c_llinit
 .text.buff_init
                0x08002a1c       0x26 ./device/ser/ser.o
 *fill*         0x08002a42        0x2 
 .text.dev_ser_get_snddat
                0x08002a44       0x74 ./device/ser/ser.o
                0x08002a44                dev_ser_get_snddat
 .text.dev_ser_notify_rcv
                0x08002ab8       0x78 ./device/ser/ser.o
                0x08002ab8                dev_ser_notify_rcv
 .text.dev_ser_notify_err
                0x08002b30       0x30 ./device/ser/ser.o
                0x08002b30                dev_ser_notify_err
 .text.set_atr_size
                0x08002b60       0x60 ./device/ser/ser.o
 .text.read_atr
                0x08002bc0       0xc4 ./device/ser/ser.o
 .text.write_atr
                0x08002c84       0xe4 ./device/ser/ser.o
 .text.read_data
                0x08002d68       0xea ./device/ser/ser.o
 .text.write_data
                0x08002e52      0x146 ./device/ser/ser.o
 .text.dev_ser_openfn
                0x08002f98       0x46 ./device/ser/ser.o
                0x08002f98                dev_ser_openfn
 .text.dev_ser_closefn
                0x08002fde       0x2c ./device/ser/ser.o
                0x08002fde                dev_ser_closefn
 .text.dev_ser_readfn
                0x0800300a       0x4c ./device/ser/ser.o
                0x0800300a                dev_ser_readfn
 .text.dev_ser_writefn
                0x08003056       0x4c ./device/ser/ser.o
                0x08003056                dev_ser_writefn
 .text.dev_ser_eventfn
                0x080030a2       0x1a ./device/ser/ser.o
                0x080030a2                dev_ser_eventfn
 .text.dev_init_ser
                0x080030bc      0x13c ./device/ser/ser.o
                0x080030bc                dev_init_ser
 .text.out_w    0x080031f8       0x1a ./device/ser/sysdepend/stm32h7/ser_stm32h7.o
 .text.in_w     0x08003212       0x16 ./device/ser/sysdepend/stm32h7/ser_stm32h7.o
 .text.usart_inthdr
                0x08003228      0x100 ./device/ser/sysdepend/stm32h7/ser_stm32h7.o
                0x08003228                usart_inthdr
 .text.start_com
                0x08003328       0x7c ./device/ser/sysdepend/stm32h7/ser_stm32h7.o
 .text.stop_com
                0x080033a4       0x3c ./device/ser/sysdepend/stm32h7/ser_stm32h7.o
 .text.dev_ser_llctl
                0x080033e0      0x164 ./device/ser/sysdepend/stm32h7/ser_stm32h7.o
                0x080033e0                dev_ser_llctl
 .text.dev_ser_llinit
                0x08003544      0x140 ./device/ser/sysdepend/stm32h7/ser_stm32h7.o
                0x08003544                dev_ser_llinit
 .text.start_system
                0x08003684       0x26 ./kernel/inittask/inittask.o
 *fill*         0x080036aa        0x2 
 .text.shutdown_system
                0x080036ac       0x34 ./kernel/inittask/inittask.o
 .text.init_task_main
                0x080036e0       0x4c ./kernel/inittask/inittask.o
 .text.knl_set_reg
                0x0800372c       0x9c ./kernel/sysdepend/cpu/core/armv7m/cpu_cntl.o
                0x0800372c                knl_set_reg
 .text.knl_get_reg
                0x080037c8       0xa8 ./kernel/sysdepend/cpu/core/armv7m/cpu_cntl.o
                0x080037c8                knl_get_reg
 .text.knl_force_dispatch
                0x08003870       0x30 ./kernel/sysdepend/cpu/core/armv7m/cpu_cntl.o
                0x08003870                knl_force_dispatch
 .text.knl_dispatch
                0x080038a0       0x18 ./kernel/sysdepend/cpu/core/armv7m/cpu_cntl.o
                0x080038a0                knl_dispatch
 .text.NMI_Handler
                0x080038b8       0x14 ./kernel/sysdepend/cpu/core/armv7m/exc_hdr.o
                0x080038b8                NMI_Handler
 .text.HardFault_Handler
                0x080038cc       0x64 ./kernel/sysdepend/cpu/core/armv7m/exc_hdr.o
                0x080038cc                HardFault_Handler
 .text.MemManage_Handler
                0x08003930       0x14 ./kernel/sysdepend/cpu/core/armv7m/exc_hdr.o
                0x08003930                MemManage_Handler
 .text.BusFault_Handler
                0x08003944       0x14 ./kernel/sysdepend/cpu/core/armv7m/exc_hdr.o
                0x08003944                BusFault_Handler
 .text.UsageFault_Handler
                0x08003958       0x14 ./kernel/sysdepend/cpu/core/armv7m/exc_hdr.o
                0x08003958                UsageFault_Handler
 .text.Svcall_Handler
                0x0800396c       0x14 ./kernel/sysdepend/cpu/core/armv7m/exc_hdr.o
                0x0800396c                Svcall_Handler
 .text.DebugMon_Handler
                0x08003980       0x14 ./kernel/sysdepend/cpu/core/armv7m/exc_hdr.o
                0x08003980                DebugMon_Handler
 .text.Default_Handler
                0x08003994       0x4c ./kernel/sysdepend/cpu/core/armv7m/exc_hdr.o
                0x08003994                Default_Handler
 .text.knl_get_ipsr
                0x080039e0       0x18 ./kernel/sysdepend/cpu/core/armv7m/interrupt.o
 .text.knl_EnterTaskIndependent
                0x080039f8       0x1c ./kernel/sysdepend/cpu/core/armv7m/interrupt.o
 .text.knl_LeaveTaskIndependent
                0x08003a14       0x1c ./kernel/sysdepend/cpu/core/armv7m/interrupt.o
 .text.knl_hll_inthdr
                0x08003a30       0x34 ./kernel/sysdepend/cpu/core/armv7m/interrupt.o
                0x08003a30                knl_hll_inthdr
 .text.knl_systim_inthdr
                0x08003a64       0x14 ./kernel/sysdepend/cpu/core/armv7m/interrupt.o
                0x08003a64                knl_systim_inthdr
 .text.knl_define_inthdr
                0x08003a78       0x5c ./kernel/sysdepend/cpu/core/armv7m/interrupt.o
                0x08003a78                knl_define_inthdr
 .text.knl_return_inthdr
                0x08003ad4        0xc ./kernel/sysdepend/cpu/core/armv7m/interrupt.o
                0x08003ad4                knl_return_inthdr
 .text.knl_init_interrupt
                0x08003ae0        0xe ./kernel/sysdepend/cpu/core/armv7m/interrupt.o
                0x08003ae0                knl_init_interrupt
 *fill*         0x08003aee        0x2 
 .text.Reset_Handler
                0x08003af0      0x118 ./kernel/sysdepend/cpu/core/armv7m/reset_hdl.o
                0x08003af0                Reset_Handler
 .text.out_w    0x08003c08       0x1a ./kernel/sysdepend/nucleo_h723/cpu_clock.o
 .text.in_w     0x08003c22       0x16 ./kernel/sysdepend/nucleo_h723/cpu_clock.o
 .text.startup_clock
                0x08003c38      0x36c ./kernel/sysdepend/nucleo_h723/cpu_clock.o
                0x08003c38                startup_clock
 .text.shutdown_clock
                0x08003fa4        0xc ./kernel/sysdepend/nucleo_h723/cpu_clock.o
                0x08003fa4                shutdown_clock
 .text.knl_init_device
                0x08003fb0        0xe ./kernel/sysdepend/nucleo_h723/devinit.o
                0x08003fb0                knl_init_device
 .text.knl_start_device
                0x08003fbe       0x46 ./kernel/sysdepend/nucleo_h723/devinit.o
                0x08003fbe                knl_start_device
 .text.knl_finish_device
                0x08004004        0xe ./kernel/sysdepend/nucleo_h723/devinit.o
                0x08004004                knl_finish_device
 *fill*         0x08004012        0x2 
 .text.knl_startup_hw
                0x08004014       0x70 ./kernel/sysdepend/nucleo_h723/hw_setting.o
                0x08004014                knl_startup_hw
 .text.knl_shutdown_hw
                0x08004084        0xc ./kernel/sysdepend/nucleo_h723/hw_setting.o
                0x08004084                knl_shutdown_hw
 .text.knl_restart_hw
                0x08004090       0x64 ./kernel/sysdepend/nucleo_h723/hw_setting.o
                0x08004090                knl_restart_hw
 .text.low_pow  0x080040f4        0xc ./kernel/sysdepend/nucleo_h723/power_save.o
                0x080040f4                low_pow
 .text.off_pow  0x08004100        0xc ./kernel/sysdepend/nucleo_h723/power_save.o
                0x08004100                off_pow
 .text.main     0x0800410c       0xd0 ./kernel/sysinit/sysinit.o
                0x0800410c                main
 .text.knl_tkernel_exit
                0x080041dc       0x10 ./kernel/sysinit/sysinit.o
                0x080041dc                knl_tkernel_exit
 .text.knl_isTaskIndependent
                0x080041ec       0x20 ./kernel/tkernel/cpuctl.o
 .text.tk_dis_dsp
                0x0800420c       0x3c ./kernel/tkernel/cpuctl.o
                0x0800420c                tk_dis_dsp
 .text.tk_ena_dsp
                0x08004248       0x50 ./kernel/tkernel/cpuctl.o
                0x08004248                tk_ena_dsp
 .text.tk_set_reg
                0x08004298       0xf0 ./kernel/tkernel/cpuctl.o
                0x08004298                tk_set_reg
 .text.tk_get_reg
                0x08004388       0xf0 ./kernel/tkernel/cpuctl.o
                0x08004388                tk_get_reg
 .text.QueInit  0x08004478       0x1e ./kernel/tkernel/device.o
 .text.isQueEmpty
                0x08004496       0x22 ./kernel/tkernel/device.o
 .text.QueInsert
                0x080044b8       0x30 ./kernel/tkernel/device.o
 .text.QueRemove
                0x080044e8       0x30 ./kernel/tkernel/device.o
 .text.QueRemoveNext
                0x08004518       0x38 ./kernel/tkernel/device.o
 .text.knl_check_devid
                0x08004550       0x2c ./kernel/tkernel/device.o
 .text.knl_searchDevCB
                0x0800457c       0x54 ./kernel/tkernel/device.o
                0x0800457c                knl_searchDevCB
 .text.newDevCB
                0x080045d0       0x50 ./kernel/tkernel/device.o
 .text.delDevCB
                0x08004620       0x2c ./kernel/tkernel/device.o
 .text.tk_def_dev
                0x0800464c      0x15c ./kernel/tkernel/device.o
                0x0800464c                tk_def_dev
 .text.tk_ref_idv
                0x080047a8       0x34 ./kernel/tkernel/device.o
                0x080047a8                tk_ref_idv
 .text.knl_phydevnm
                0x080047dc       0x82 ./kernel/tkernel/device.o
                0x080047dc                knl_phydevnm
 *fill*         0x0800485e        0x2 
 .text.logdevnm
                0x08004860       0x90 ./kernel/tkernel/device.o
 .text.tk_get_dev
                0x080048f0       0xa0 ./kernel/tkernel/device.o
                0x080048f0                tk_get_dev
 .text.tk_ref_dev
                0x08004990       0xa8 ./kernel/tkernel/device.o
                0x08004990                tk_ref_dev
 .text.tk_oref_dev
                0x08004a38       0x98 ./kernel/tkernel/device.o
                0x08004a38                tk_oref_dev
 .text.tk_lst_dev
                0x08004ad0       0xc8 ./kernel/tkernel/device.o
                0x08004ad0                tk_lst_dev
 .text.tk_evt_dev
                0x08004b98       0xe0 ./kernel/tkernel/device.o
                0x08004b98                tk_evt_dev
 .text.initDevCB
                0x08004c78       0x54 ./kernel/tkernel/device.o
 .text.initIDev
                0x08004ccc       0x20 ./kernel/tkernel/device.o
 .text.knl_initialize_devmgr
                0x08004cec       0x68 ./kernel/tkernel/device.o
                0x08004cec                knl_initialize_devmgr
 .text.delIDev  0x08004d54       0x16 ./kernel/tkernel/device.o
 *fill*         0x08004d6a        0x2 
 .text.knl_finish_devmgr
                0x08004d6c       0x2c ./kernel/tkernel/device.o
                0x08004d6c                knl_finish_devmgr
 .text.QueInit  0x08004d98       0x1e ./kernel/tkernel/deviceio.o
 .text.isQueEmpty
                0x08004db6       0x22 ./kernel/tkernel/deviceio.o
 .text.QueInsert
                0x08004dd8       0x30 ./kernel/tkernel/deviceio.o
 .text.QueRemove
                0x08004e08       0x30 ./kernel/tkernel/deviceio.o
 .text.QueRemoveNext
                0x08004e38       0x38 ./kernel/tkernel/deviceio.o
 .text.knl_GetResCB
                0x08004e70       0x30 ./kernel/tkernel/deviceio.o
                0x08004e70                knl_GetResCB
 .text.knl_check_devdesc
                0x08004ea0       0x6c ./kernel/tkernel/deviceio.o
                0x08004ea0                knl_check_devdesc
 .text.knl_delOpnCB
                0x08004f0c       0x40 ./kernel/tkernel/deviceio.o
                0x08004f0c                knl_delOpnCB
 .text.knl_delReqCB
                0x08004f4c       0x2c ./kernel/tkernel/deviceio.o
                0x08004f4c                knl_delReqCB
 .text.knl_chkopen
                0x08004f78       0x3c ./kernel/tkernel/deviceio.o
                0x08004f78                knl_chkopen
 .text.newOpnCB
                0x08004fb4       0x80 ./kernel/tkernel/deviceio.o
 .text.chkopenmode
                0x08005034      0x10c ./kernel/tkernel/deviceio.o
 .text.tk_opn_dev
                0x08005140      0x1a8 ./kernel/tkernel/deviceio.o
                0x08005140                tk_opn_dev
 .text.abort_allrequest
                0x080052e8      0x1ec ./kernel/tkernel/deviceio.o
 .text.knl_close_device
                0x080054d4      0x110 ./kernel/tkernel/deviceio.o
                0x080054d4                knl_close_device
 .text.tk_cls_dev
                0x080055e4       0x5c ./kernel/tkernel/deviceio.o
                0x080055e4                tk_cls_dev
 .text.newReqCB
                0x08005640       0x3c ./kernel/tkernel/deviceio.o
 .text.knl_request
                0x0800567c      0x1c0 ./kernel/tkernel/deviceio.o
                0x0800567c                knl_request
 .text.tk_rea_dev
                0x0800583c       0x2e ./kernel/tkernel/deviceio.o
                0x0800583c                tk_rea_dev
 .text.tk_srea_dev
                0x0800586a       0x58 ./kernel/tkernel/deviceio.o
                0x0800586a                tk_srea_dev
 .text.tk_wri_dev
                0x080058c2       0x2e ./kernel/tkernel/deviceio.o
                0x080058c2                tk_wri_dev
 .text.tk_swri_dev
                0x080058f0       0x58 ./kernel/tkernel/deviceio.o
                0x080058f0                tk_swri_dev
 .text.knl_check_reqid
                0x08005948       0x48 ./kernel/tkernel/deviceio.o
 .text.tk_wai_dev
                0x08005990      0x260 ./kernel/tkernel/deviceio.o
                0x08005990                tk_wai_dev
 .text.sendevt_alldevice
                0x08005bf0       0xa8 ./kernel/tkernel/deviceio.o
 .text.do_suspend
                0x08005c98       0x64 ./kernel/tkernel/deviceio.o
 .text.tk_sus_dev
                0x08005cfc      0x100 ./kernel/tkernel/deviceio.o
                0x08005cfc                tk_sus_dev
 .text.knl_devmgr_startup
                0x08005dfc       0x2c ./kernel/tkernel/deviceio.o
                0x08005dfc                knl_devmgr_startup
 .text.knl_devmgr_cleanup
                0x08005e28       0x7c ./kernel/tkernel/deviceio.o
                0x08005e28                knl_devmgr_cleanup
 .text.knl_initDevIO
                0x08005ea4       0x94 ./kernel/tkernel/deviceio.o
                0x08005ea4                knl_initDevIO
 .text.knl_finishDevIO
                0x08005f38        0xe ./kernel/tkernel/deviceio.o
                0x08005f38                knl_finishDevIO
 .text.QueInit  0x08005f46       0x1e ./kernel/tkernel/eventflag.o
 .text.isQueEmpty
                0x08005f64       0x22 ./kernel/tkernel/eventflag.o
 .text.QueInsert
                0x08005f86       0x30 ./kernel/tkernel/eventflag.o
 .text.QueRemoveNext
                0x08005fb6       0x38 ./kernel/tkernel/eventflag.o
 *fill*         0x08005fee        0x2 
 .text.knl_isTaskIndependent
                0x08005ff0       0x20 ./kernel/tkernel/eventflag.o
 .text.knl_eventflag_cond
                0x08006010       0x48 ./kernel/tkernel/eventflag.o
 .text.knl_eventflag_initialize
                0x08006058       0x4c ./kernel/tkernel/eventflag.o
                0x08006058                knl_eventflag_initialize
 .text.tk_cre_flg
                0x080060a4       0xc0 ./kernel/tkernel/eventflag.o
                0x080060a4                tk_cre_flg
 .text.tk_del_flg
                0x08006164       0xa0 ./kernel/tkernel/eventflag.o
                0x08006164                tk_del_flg
 .text.tk_set_flg
                0x08006204      0x110 ./kernel/tkernel/eventflag.o
                0x08006204                tk_set_flg
 .text.tk_clr_flg
                0x08006314       0x94 ./kernel/tkernel/eventflag.o
                0x08006314                tk_clr_flg
 .text.flg_chg_pri
                0x080063a8       0x34 ./kernel/tkernel/eventflag.o
 .text.tk_wai_flg
                0x080063dc      0x18c ./kernel/tkernel/eventflag.o
                0x080063dc                tk_wai_flg
 .text.tk_ref_flg
                0x08006568       0xa4 ./kernel/tkernel/eventflag.o
                0x08006568                tk_ref_flg
 .text.tk_def_int
                0x0800660c       0x90 ./kernel/tkernel/int.o
                0x0800660c                tk_def_int
 .text.tk_ret_int
                0x0800669c        0xc ./kernel/tkernel/int.o
                0x0800669c                tk_ret_int
 .text.QueInit  0x080066a8       0x1e ./kernel/tkernel/klock.o
 .text.isQueEmpty
                0x080066c6       0x22 ./kernel/tkernel/klock.o
 .text.QueInsert
                0x080066e8       0x30 ./kernel/tkernel/klock.o
 .text.QueRemove
                0x08006718       0x30 ./kernel/tkernel/klock.o
 .text.QueRemoveNext
                0x08006748       0x38 ./kernel/tkernel/klock.o
 .text.knl_ready_queue_calc_top_priority
                0x08006780       0x36 ./kernel/tkernel/klock.o
 .text.knl_ready_queue_top
                0x080067b6       0x30 ./kernel/tkernel/klock.o
 .text.knl_ready_queue_insert_top
                0x080067e6       0x6a ./kernel/tkernel/klock.o
 .text.knl_ready_queue_delete
                0x08006850       0xa8 ./kernel/tkernel/klock.o
 .text.knl_LockOBJ
                0x080068f8       0xd0 ./kernel/tkernel/klock.o
                0x080068f8                knl_LockOBJ
 .text.knl_UnlockOBJ
                0x080069c8       0xac ./kernel/tkernel/klock.o
                0x080069c8                knl_UnlockOBJ
 .text.QueInit  0x08006a74       0x1e ./kernel/tkernel/mailbox.o
 .text.isQueEmpty
                0x08006a92       0x22 ./kernel/tkernel/mailbox.o
 .text.QueInsert
                0x08006ab4       0x30 ./kernel/tkernel/mailbox.o
 .text.QueRemoveNext
                0x08006ae4       0x38 ./kernel/tkernel/mailbox.o
 .text.knl_isTaskIndependent
                0x08006b1c       0x20 ./kernel/tkernel/mailbox.o
 .text.knl_queue_insert_mpri
                0x08006b3c       0x46 ./kernel/tkernel/mailbox.o
 *fill*         0x08006b82        0x2 
 .text.knl_mailbox_initialize
                0x08006b84       0x4c ./kernel/tkernel/mailbox.o
                0x08006b84                knl_mailbox_initialize
 .text.tk_cre_mbx
                0x08006bd0       0xbc ./kernel/tkernel/mailbox.o
                0x08006bd0                tk_cre_mbx
 .text.tk_del_mbx
                0x08006c8c       0xa0 ./kernel/tkernel/mailbox.o
                0x08006c8c                tk_del_mbx
 .text.tk_snd_mbx
                0x08006d2c      0x104 ./kernel/tkernel/mailbox.o
                0x08006d2c                tk_snd_mbx
 .text.mbx_chg_pri
                0x08006e30       0x34 ./kernel/tkernel/mailbox.o
 .text.tk_rcv_mbx
                0x08006e64      0x118 ./kernel/tkernel/mailbox.o
                0x08006e64                tk_rcv_mbx
 .text.tk_ref_mbx
                0x08006f7c       0xa4 ./kernel/tkernel/mailbox.o
                0x08006f7c                tk_ref_mbx
 .text.QueInit  0x08007020       0x1e ./kernel/tkernel/memory.o
 .text.QueInsert
                0x0800703e       0x30 ./kernel/tkernel/memory.o
 .text.QueRemove
                0x0800706e       0x30 ./kernel/tkernel/memory.o
 .text.knl_searchFreeArea
                0x0800709e       0x9c ./kernel/tkernel/memory.o
                0x0800709e                knl_searchFreeArea
 .text.knl_appendFreeArea
                0x0800713a       0xae ./kernel/tkernel/memory.o
                0x0800713a                knl_appendFreeArea
 .text.knl_removeFreeQue
                0x080071e8       0x74 ./kernel/tkernel/memory.o
                0x080071e8                knl_removeFreeQue
 .text.knl_insertAreaQue
                0x0800725c       0x3c ./kernel/tkernel/memory.o
                0x0800725c                knl_insertAreaQue
 .text.knl_removeAreaQue
                0x08007298       0x3c ./kernel/tkernel/memory.o
                0x08007298                knl_removeAreaQue
 .text.knl_Imalloc
                0x080072d4       0xac ./kernel/tkernel/memory.o
                0x080072d4                knl_Imalloc
 .text.knl_Icalloc
                0x08007380       0x3a ./kernel/tkernel/memory.o
                0x08007380                knl_Icalloc
 .text.knl_Irealloc
                0x080073ba       0x68 ./kernel/tkernel/memory.o
                0x080073ba                knl_Irealloc
 *fill*         0x08007422        0x2 
 .text.knl_Ifree
                0x08007424       0x8c ./kernel/tkernel/memory.o
                0x08007424                knl_Ifree
 .text.initIMACB
                0x080074b0       0x24 ./kernel/tkernel/memory.o
 .text.knl_init_Imalloc
                0x080074d4       0xcc ./kernel/tkernel/memory.o
                0x080074d4                knl_init_Imalloc
 .text.QueInit  0x080075a0       0x1e ./kernel/tkernel/mempfix.o
 .text.isQueEmpty
                0x080075be       0x22 ./kernel/tkernel/mempfix.o
 .text.QueInsert
                0x080075e0       0x30 ./kernel/tkernel/mempfix.o
 .text.QueRemoveNext
                0x08007610       0x38 ./kernel/tkernel/mempfix.o
 .text.knl_isTaskIndependent
                0x08007648       0x20 ./kernel/tkernel/mempfix.o
 .text.knl_InitOBJLOCK
                0x08007668       0x18 ./kernel/tkernel/mempfix.o
 .text.knl_mempool_end
                0x08007680       0x1c ./kernel/tkernel/mempfix.o
 .text.knl_fix_memorypool_initialize
                0x0800769c       0x54 ./kernel/tkernel/mempfix.o
                0x0800769c                knl_fix_memorypool_initialize
 .text.tk_cre_mpf
                0x080076f0      0x17c ./kernel/tkernel/mempfix.o
                0x080076f0                tk_cre_mpf
 .text.tk_del_mpf
                0x0800786c       0xe4 ./kernel/tkernel/mempfix.o
                0x0800786c                tk_del_mpf
 .text.knl_mpf_chg_pri
                0x08007950       0x34 ./kernel/tkernel/mempfix.o
 .text.tk_get_mpf
                0x08007984      0x164 ./kernel/tkernel/mempfix.o
                0x08007984                tk_get_mpf
 .text.tk_rel_mpf
                0x08007ae8      0x120 ./kernel/tkernel/mempfix.o
                0x08007ae8                tk_rel_mpf
 .text.tk_ref_mpf
                0x08007c08       0xc0 ./kernel/tkernel/mempfix.o
                0x08007c08                tk_ref_mpf
 .text.QueInit  0x08007cc8       0x1e ./kernel/tkernel/mempool.o
 .text.isQueEmpty
                0x08007ce6       0x22 ./kernel/tkernel/mempool.o
 .text.QueInsert
                0x08007d08       0x30 ./kernel/tkernel/mempool.o
 .text.QueRemoveNext
                0x08007d38       0x38 ./kernel/tkernel/mempool.o
 .text.knl_isTaskIndependent
                0x08007d70       0x20 ./kernel/tkernel/mempool.o
 .text.roundSize
                0x08007d90       0x24 ./kernel/tkernel/mempool.o
 .text.knl_MaxFreeSize
                0x08007db4       0x2c ./kernel/tkernel/mempool.o
 .text.knl_memorypool_initialize
                0x08007de0       0x4c ./kernel/tkernel/mempool.o
                0x08007de0                knl_memorypool_initialize
 .text.knl_appendFreeAreaBound
                0x08007e2c       0xe2 ./kernel/tkernel/mempool.o
 .text.knl_get_blk
                0x08007f0e       0x9a ./kernel/tkernel/mempool.o
 .text.knl_rel_blk
                0x08007fa8       0xd6 ./kernel/tkernel/mempool.o
 .text.knl_mpl_wakeup
                0x0800807e       0x56 ./kernel/tkernel/mempool.o
                0x0800807e                knl_mpl_wakeup
 .text.init_mempool
                0x080080d4       0x50 ./kernel/tkernel/mempool.o
 .text.tk_cre_mpl
                0x08008124      0x170 ./kernel/tkernel/mempool.o
                0x08008124                tk_cre_mpl
 .text.tk_del_mpl
                0x08008294       0xf4 ./kernel/tkernel/mempool.o
                0x08008294                tk_del_mpl
 .text.mpl_chg_pri
                0x08008388       0x3c ./kernel/tkernel/mempool.o
 .text.mpl_rel_wai
                0x080083c4       0x1a ./kernel/tkernel/mempool.o
 *fill*         0x080083de        0x2 
 .text.tk_get_mpl
                0x080083e0      0x168 ./kernel/tkernel/mempool.o
                0x080083e0                tk_get_mpl
 .text.tk_rel_mpl
                0x08008548       0xec ./kernel/tkernel/mempool.o
                0x08008548                tk_rel_mpl
 .text.tk_ref_mpl
                0x08008634      0x120 ./kernel/tkernel/mempool.o
                0x08008634                tk_ref_mpl
 .text.QueInit  0x08008754       0x1e ./kernel/tkernel/messagebuf.o
 .text.isQueEmpty
                0x08008772       0x22 ./kernel/tkernel/messagebuf.o
 .text.QueInsert
                0x08008794       0x30 ./kernel/tkernel/messagebuf.o
 .text.QueRemoveNext
                0x080087c4       0x38 ./kernel/tkernel/messagebuf.o
 .text.knl_isTaskIndependent
                0x080087fc       0x20 ./kernel/tkernel/messagebuf.o
 .text.knl_mbf_free
                0x0800881c       0x26 ./kernel/tkernel/messagebuf.o
 .text.knl_mbf_empty
                0x08008842       0x24 ./kernel/tkernel/messagebuf.o
 *fill*         0x08008866        0x2 
 .text.knl_messagebuffer_initialize
                0x08008868       0x4c ./kernel/tkernel/messagebuf.o
                0x08008868                knl_messagebuffer_initialize
 .text.knl_msg_to_mbf
                0x080088b4       0xbe ./kernel/tkernel/messagebuf.o
 .text.knl_mbf_wakeup
                0x08008972       0x52 ./kernel/tkernel/messagebuf.o
 .text.tk_cre_mbf
                0x080089c4      0x174 ./kernel/tkernel/messagebuf.o
                0x080089c4                tk_cre_mbf
 .text.tk_del_mbf
                0x08008b38       0xcc ./kernel/tkernel/messagebuf.o
                0x08008b38                tk_del_mbf
 .text.knl_mbf_chg_pri
                0x08008c04       0x3c ./kernel/tkernel/messagebuf.o
 .text.knl_mbf_rel_wai
                0x08008c40       0x1a ./kernel/tkernel/messagebuf.o
 *fill*         0x08008c5a        0x2 
 .text.tk_snd_mbf
                0x08008c5c      0x1ac ./kernel/tkernel/messagebuf.o
                0x08008c5c                tk_snd_mbf
 .text.knl_mbf_to_msg
                0x08008e08       0xc2 ./kernel/tkernel/messagebuf.o
 *fill*         0x08008eca        0x2 
 .text.tk_rcv_mbf
                0x08008ecc      0x17c ./kernel/tkernel/messagebuf.o
                0x08008ecc                tk_rcv_mbf
 .text.tk_ref_mbf
                0x08009048       0xfc ./kernel/tkernel/messagebuf.o
                0x08009048                tk_ref_mbf
 .text.knl_isTaskIndependent
                0x08009144       0x20 ./kernel/tkernel/misc_calls.o
 .text.tk_ref_sys
                0x08009164       0xf8 ./kernel/tkernel/misc_calls.o
                0x08009164                tk_ref_sys
 .text.tk_ref_ver
                0x0800925c       0x46 ./kernel/tkernel/misc_calls.o
                0x0800925c                tk_ref_ver
 .text.QueInit  0x080092a2       0x1e ./kernel/tkernel/mutex.o
 .text.isQueEmpty
                0x080092c0       0x22 ./kernel/tkernel/mutex.o
 .text.QueInsert
                0x080092e2       0x30 ./kernel/tkernel/mutex.o
 .text.QueRemoveNext
                0x08009312       0x38 ./kernel/tkernel/mutex.o
 *fill*         0x0800934a        0x2 
 .text.knl_isTaskIndependent
                0x0800934c       0x20 ./kernel/tkernel/mutex.o
 .text.knl_queue_insert_tpri
                0x0800936c       0x58 ./kernel/tkernel/mutex.o
 .text.knl_mutex_initialize
                0x080093c4       0x4c ./kernel/tkernel/mutex.o
                0x080093c4                knl_mutex_initialize
 .text.knl_release_mutex
                0x08009410       0xa4 ./kernel/tkernel/mutex.o
                0x08009410                knl_release_mutex
 .text.knl_signal_all_mutex
                0x080094b4       0x86 ./kernel/tkernel/mutex.o
                0x080094b4                knl_signal_all_mutex
 *fill*         0x0800953a        0x2 
 .text.knl_chg_pri_mutex
                0x0800953c       0xe4 ./kernel/tkernel/mutex.o
                0x0800953c                knl_chg_pri_mutex
 .text.tk_cre_mtx
                0x08009620       0xf0 ./kernel/tkernel/mutex.o
                0x08009620                tk_cre_mtx
 .text.tk_del_mtx
                0x08009710       0xb0 ./kernel/tkernel/mutex.o
                0x08009710                tk_del_mtx
 .text.mtx_chg_pri
                0x080097c0       0x74 ./kernel/tkernel/mutex.o
 .text.mtx_rel_wai
                0x08009834       0x40 ./kernel/tkernel/mutex.o
 .text.tk_loc_mtx
                0x08009874      0x1e8 ./kernel/tkernel/mutex.o
                0x08009874                tk_loc_mtx
 .text.tk_unl_mtx
                0x08009a5c      0x114 ./kernel/tkernel/mutex.o
                0x08009a5c                tk_unl_mtx
 .text.tk_ref_mtx
                0x08009b70       0xac ./kernel/tkernel/mutex.o
                0x08009b70                tk_ref_mtx
 .text.QueInit  0x08009c1c       0x1e ./kernel/tkernel/semaphore.o
 .text.QueInsert
                0x08009c3a       0x30 ./kernel/tkernel/semaphore.o
 .text.QueRemoveNext
                0x08009c6a       0x38 ./kernel/tkernel/semaphore.o
 *fill*         0x08009ca2        0x2 
 .text.knl_isTaskIndependent
                0x08009ca4       0x20 ./kernel/tkernel/semaphore.o
 .text.knl_semaphore_initialize
                0x08009cc4       0x4c ./kernel/tkernel/semaphore.o
                0x08009cc4                knl_semaphore_initialize
 .text.tk_cre_sem
                0x08009d10       0xf4 ./kernel/tkernel/semaphore.o
                0x08009d10                tk_cre_sem
 .text.tk_del_sem
                0x08009e04       0xa0 ./kernel/tkernel/semaphore.o
                0x08009e04                tk_del_sem
 .text.tk_sig_sem
                0x08009ea4      0x110 ./kernel/tkernel/semaphore.o
                0x08009ea4                tk_sig_sem
 .text.sem_chg_pri
                0x08009fb4       0x84 ./kernel/tkernel/semaphore.o
 .text.sem_rel_wai
                0x0800a038       0x1a ./kernel/tkernel/semaphore.o
 *fill*         0x0800a052        0x2 
 .text.tk_wai_sem
                0x0800a054      0x154 ./kernel/tkernel/semaphore.o
                0x0800a054                tk_wai_sem
 .text.tk_ref_sem
                0x0800a1a8       0xa4 ./kernel/tkernel/semaphore.o
                0x0800a1a8                tk_ref_sem
 .text.QueInit  0x0800a24c       0x1e ./kernel/tkernel/task.o
 .text.isQueEmpty
                0x0800a26a       0x22 ./kernel/tkernel/task.o
 .text.QueInsert
                0x0800a28c       0x30 ./kernel/tkernel/task.o
 .text.QueRemove
                0x0800a2bc       0x30 ./kernel/tkernel/task.o
 .text.QueRemoveNext
                0x0800a2ec       0x38 ./kernel/tkernel/task.o
 .text.knl_ready_queue_calc_top_priority
                0x0800a324       0x36 ./kernel/tkernel/task.o
 .text.knl_ready_queue_initialize
                0x0800a35a       0x58 ./kernel/tkernel/task.o
 .text.knl_ready_queue_top
                0x0800a3b2       0x30 ./kernel/tkernel/task.o
 .text.knl_ready_queue_top_priority
                0x0800a3e2       0x16 ./kernel/tkernel/task.o
 .text.knl_ready_queue_insert
                0x0800a3f8       0x70 ./kernel/tkernel/task.o
 .text.knl_ready_queue_delete
                0x0800a468       0xa8 ./kernel/tkernel/task.o
 .text.knl_ready_queue_rotate
                0x0800a510       0x34 ./kernel/tkernel/task.o
 .text.knl_reschedule
                0x0800a544       0x30 ./kernel/tkernel/task.o
 .text.knl_setup_context
                0x0800a574       0x48 ./kernel/tkernel/task.o
 .text.knl_task_initialize
                0x0800a5bc       0x84 ./kernel/tkernel/task.o
                0x0800a5bc                knl_task_initialize
 .text.knl_make_dormant
                0x0800a640       0x76 ./kernel/tkernel/task.o
                0x0800a640                knl_make_dormant
 *fill*         0x0800a6b6        0x2 
 .text.knl_make_ready
                0x0800a6b8       0x34 ./kernel/tkernel/task.o
                0x0800a6b8                knl_make_ready
 .text.knl_make_non_ready
                0x0800a6ec       0x38 ./kernel/tkernel/task.o
                0x0800a6ec                knl_make_non_ready
 .text.knl_change_task_priority
                0x0800a724       0x78 ./kernel/tkernel/task.o
                0x0800a724                knl_change_task_priority
 .text.knl_rotate_ready_queue
                0x0800a79c       0x20 ./kernel/tkernel/task.o
                0x0800a79c                knl_rotate_ready_queue
 .text.knl_rotate_ready_queue_run
                0x0800a7bc       0x2c ./kernel/tkernel/task.o
                0x0800a7bc                knl_rotate_ready_queue_run
 .text.QueInsert
                0x0800a7e8       0x30 ./kernel/tkernel/task_manage.o
 .text.QueRemove
                0x0800a818       0x30 ./kernel/tkernel/task_manage.o
 .text.QueRemoveNext
                0x0800a848       0x38 ./kernel/tkernel/task_manage.o
 .text.knl_timer_delete
                0x0800a880       0x18 ./kernel/tkernel/task_manage.o
 .text.knl_isTaskIndependent
                0x0800a898       0x20 ./kernel/tkernel/task_manage.o
 .text.knl_task_alive
                0x0800a8b8       0x24 ./kernel/tkernel/task_manage.o
 .text.knl_wait_cancel
                0x0800a8dc       0x22 ./kernel/tkernel/task_manage.o
 .text.knl_setup_stacd
                0x0800a8fe       0x2a ./kernel/tkernel/task_manage.o
 .text.knl_cleanup_context
                0x0800a928       0x12 ./kernel/tkernel/task_manage.o
 *fill*         0x0800a93a        0x2 
 .text.tk_cre_tsk
                0x0800a93c      0x15c ./kernel/tkernel/task_manage.o
                0x0800a93c                tk_cre_tsk
 .text.knl_del_tsk
                0x0800aa98       0x48 ./kernel/tkernel/task_manage.o
 .text.tk_del_tsk
                0x0800aae0       0xdc ./kernel/tkernel/task_manage.o
                0x0800aae0                tk_del_tsk
 .text.tk_sta_tsk
                0x0800abbc       0xe8 ./kernel/tkernel/task_manage.o
                0x0800abbc                tk_sta_tsk
 .text.knl_ter_tsk
                0x0800aca4       0x56 ./kernel/tkernel/task_manage.o
 *fill*         0x0800acfa        0x2 
 .text.tk_ext_tsk
                0x0800acfc       0x84 ./kernel/tkernel/task_manage.o
                0x0800acfc                tk_ext_tsk
 .text.tk_exd_tsk
                0x0800ad80       0x78 ./kernel/tkernel/task_manage.o
                0x0800ad80                tk_exd_tsk
 .text.tk_ter_tsk
                0x0800adf8      0x104 ./kernel/tkernel/task_manage.o
                0x0800adf8                tk_ter_tsk
 .text.tk_chg_pri
                0x0800aefc      0x104 ./kernel/tkernel/task_manage.o
                0x0800aefc                tk_chg_pri
 .text.tk_rot_rdq
                0x0800b000       0x98 ./kernel/tkernel/task_manage.o
                0x0800b000                tk_rot_rdq
 .text.tk_get_tid
                0x0800b098       0x24 ./kernel/tkernel/task_manage.o
                0x0800b098                tk_get_tid
 .text.tk_ref_tsk
                0x0800b0bc      0x124 ./kernel/tkernel/task_manage.o
                0x0800b0bc                tk_ref_tsk
 .text.tk_rel_wai
                0x0800b1e0       0xc0 ./kernel/tkernel/task_manage.o
                0x0800b1e0                tk_rel_wai
 .text.QueInit  0x0800b2a0       0x1e ./kernel/tkernel/task_sync.o
 *fill*         0x0800b2be        0x2 
 .text.knl_isTaskIndependent
                0x0800b2c0       0x20 ./kernel/tkernel/task_sync.o
 .text.knl_task_alive
                0x0800b2e0       0x24 ./kernel/tkernel/task_sync.o
 .text.tk_sus_tsk
                0x0800b304      0x140 ./kernel/tkernel/task_sync.o
                0x0800b304                tk_sus_tsk
 .text.tk_rsm_tsk
                0x0800b444      0x140 ./kernel/tkernel/task_sync.o
                0x0800b444                tk_rsm_tsk
 .text.tk_frsm_tsk
                0x0800b584      0x120 ./kernel/tkernel/task_sync.o
                0x0800b584                tk_frsm_tsk
 .text.tk_slp_tsk
                0x0800b6a4       0xd8 ./kernel/tkernel/task_sync.o
                0x0800b6a4                tk_slp_tsk
 .text.tk_wup_tsk
                0x0800b77c      0x11c ./kernel/tkernel/task_sync.o
                0x0800b77c                tk_wup_tsk
 .text.tk_can_wup
                0x0800b898       0xc4 ./kernel/tkernel/task_sync.o
                0x0800b898                tk_can_wup
 .text.tk_dly_tsk
                0x0800b95c       0xb8 ./kernel/tkernel/task_sync.o
                0x0800b95c                tk_dly_tsk
 .text.QueInit  0x0800ba14       0x1e ./kernel/tkernel/time_calls.o
 .text.QueInsert
                0x0800ba32       0x30 ./kernel/tkernel/time_calls.o
 .text.QueRemove
                0x0800ba62       0x30 ./kernel/tkernel/time_calls.o
 .text.QueRemoveNext
                0x0800ba92       0x38 ./kernel/tkernel/time_calls.o
 .text.knl_toLSYSTIM
                0x0800baca       0x48 ./kernel/tkernel/time_calls.o
 .text.knl_toSYSTIM
                0x0800bb12       0x3e ./kernel/tkernel/time_calls.o
 .text.knl_abstim_reached
                0x0800bb50       0x20 ./kernel/tkernel/time_calls.o
 .text.knl_timer_delete
                0x0800bb70       0x18 ./kernel/tkernel/time_calls.o
 .text.knl_EnterTaskIndependent
                0x0800bb88       0x1c ./kernel/tkernel/time_calls.o
 .text.knl_LeaveTaskIndependent
                0x0800bba4       0x1c ./kernel/tkernel/time_calls.o
 .text.knl_cyc_next_time
                0x0800bbc0       0x5c ./kernel/tkernel/time_calls.o
 .text.knl_cyc_timer_insert
                0x0800bc1c       0x28 ./kernel/tkernel/time_calls.o
 .text.knl_alm_timer_insert
                0x0800bc44       0x38 ./kernel/tkernel/time_calls.o
 .text.tk_set_utc
                0x0800bc7c       0x78 ./kernel/tkernel/time_calls.o
                0x0800bc7c                tk_set_utc
 .text.tk_get_utc
                0x0800bcf4       0x7c ./kernel/tkernel/time_calls.o
                0x0800bcf4                tk_get_utc
 .text.tk_set_tim
                0x0800bd70       0x94 ./kernel/tkernel/time_calls.o
                0x0800bd70                tk_set_tim
 .text.tk_get_tim
                0x0800be04       0x98 ./kernel/tkernel/time_calls.o
                0x0800be04                tk_get_tim
 .text.tk_get_otm
                0x0800be9c       0x68 ./kernel/tkernel/time_calls.o
                0x0800be9c                tk_get_otm
 .text.knl_cyclichandler_initialize
                0x0800bf04       0x48 ./kernel/tkernel/time_calls.o
                0x0800bf04                knl_cyclichandler_initialize
 .text.knl_call_cychdr
                0x0800bf4c       0x36 ./kernel/tkernel/time_calls.o
                0x0800bf4c                knl_call_cychdr
 .text.knl_immediate_call_cychdr
                0x0800bf82       0x34 ./kernel/tkernel/time_calls.o
 *fill*         0x0800bfb6        0x2 
 .text.tk_cre_cyc
                0x0800bfb8      0x134 ./kernel/tkernel/time_calls.o
                0x0800bfb8                tk_cre_cyc
 .text.tk_del_cyc
                0x0800c0ec       0xac ./kernel/tkernel/time_calls.o
                0x0800c0ec                tk_del_cyc
 .text.tk_sta_cyc
                0x0800c198      0x108 ./kernel/tkernel/time_calls.o
                0x0800c198                tk_sta_cyc
 .text.tk_stp_cyc
                0x0800c2a0       0xa8 ./kernel/tkernel/time_calls.o
                0x0800c2a0                tk_stp_cyc
 .text.tk_ref_cyc
                0x0800c348       0xf4 ./kernel/tkernel/time_calls.o
                0x0800c348                tk_ref_cyc
 .text.knl_alarmhandler_initialize
                0x0800c43c       0x48 ./kernel/tkernel/time_calls.o
                0x0800c43c                knl_alarmhandler_initialize
 .text.knl_call_almhdr
                0x0800c484       0x32 ./kernel/tkernel/time_calls.o
                0x0800c484                knl_call_almhdr
 *fill*         0x0800c4b6        0x2 
 .text.tk_cre_alm
                0x0800c4b8       0xc4 ./kernel/tkernel/time_calls.o
                0x0800c4b8                tk_cre_alm
 .text.tk_del_alm
                0x0800c57c       0xac ./kernel/tkernel/time_calls.o
                0x0800c57c                tk_del_alm
 .text.knl_immediate_call_almhdr
                0x0800c628       0x30 ./kernel/tkernel/time_calls.o
 .text.tk_sta_alm
                0x0800c658       0xcc ./kernel/tkernel/time_calls.o
                0x0800c658                tk_sta_alm
 .text.tk_stp_alm
                0x0800c724       0xa8 ./kernel/tkernel/time_calls.o
                0x0800c724                tk_stp_alm
 .text.tk_ref_alm
                0x0800c7cc       0xe4 ./kernel/tkernel/time_calls.o
                0x0800c7cc                tk_ref_alm
 .text.out_w    0x0800c8b0       0x1a ./kernel/tkernel/timer.o
 .text.in_w     0x0800c8ca       0x16 ./kernel/tkernel/timer.o
 .text.QueInit  0x0800c8e0       0x1e ./kernel/tkernel/timer.o
 .text.isQueEmpty
                0x0800c8fe       0x22 ./kernel/tkernel/timer.o
 .text.QueInsert
                0x0800c920       0x30 ./kernel/tkernel/timer.o
 .text.QueRemove
                0x0800c950       0x30 ./kernel/tkernel/timer.o
 .text.knl_abstim_reached
                0x0800c980       0x20 ./kernel/tkernel/timer.o
 .text.knl_start_hw_timer
                0x0800c9a0       0x44 ./kernel/tkernel/timer.o
 .text.knl_clear_hw_timer_interrupt
                0x0800c9e4       0x20 ./kernel/tkernel/timer.o
 .text.knl_end_of_hw_timer_interrupt
                0x0800ca04        0xc ./kernel/tkernel/timer.o
 .text.knl_terminate_hw_timer
                0x0800ca10       0x14 ./kernel/tkernel/timer.o
 .text.knl_timer_startup
                0x0800ca24       0x3c ./kernel/tkernel/timer.o
                0x0800ca24                knl_timer_startup
 .text.knl_timer_shutdown
                0x0800ca60        0xc ./kernel/tkernel/timer.o
                0x0800ca60                knl_timer_shutdown
 .text.knl_enqueue_tmeb
                0x0800ca6c       0x60 ./kernel/tkernel/timer.o
 .text.knl_timer_insert
                0x0800cacc       0x50 ./kernel/tkernel/timer.o
                0x0800cacc                knl_timer_insert
 .text.knl_timer_insert_reltim
                0x0800cb1c       0x40 ./kernel/tkernel/timer.o
                0x0800cb1c                knl_timer_insert_reltim
 .text.knl_timer_insert_abs
                0x0800cb5c       0x2e ./kernel/tkernel/timer.o
                0x0800cb5c                knl_timer_insert_abs
 *fill*         0x0800cb8a        0x2 
 .text.knl_timer_handler
                0x0800cb8c       0xb8 ./kernel/tkernel/timer.o
                0x0800cb8c                knl_timer_handler
 .text.knl_init_object
                0x0800cc44       0xb0 ./kernel/tkernel/tkinit.o
                0x0800cc44                knl_init_object
 .text.isQueEmpty
                0x0800ccf4       0x22 ./kernel/tkernel/wait.o
 .text.QueInsert
                0x0800cd16       0x30 ./kernel/tkernel/wait.o
 .text.QueRemove
                0x0800cd46       0x30 ./kernel/tkernel/wait.o
 .text.knl_timer_delete
                0x0800cd76       0x18 ./kernel/tkernel/wait.o
 .text.knl_queue_insert_tpri
                0x0800cd8e       0x58 ./kernel/tkernel/wait.o
 .text.knl_make_non_wait
                0x0800cde6       0x2a ./kernel/tkernel/wait.o
 .text.knl_wait_release
                0x0800ce10       0x28 ./kernel/tkernel/wait.o
 .text.knl_wait_release_ok
                0x0800ce38       0x1e ./kernel/tkernel/wait.o
                0x0800ce38                knl_wait_release_ok
 .text.knl_wait_release_ok_ercd
                0x0800ce56       0x20 ./kernel/tkernel/wait.o
                0x0800ce56                knl_wait_release_ok_ercd
 .text.knl_wait_release_ng
                0x0800ce76       0x34 ./kernel/tkernel/wait.o
                0x0800ce76                knl_wait_release_ng
 .text.knl_wait_release_tmout
                0x0800ceaa       0x32 ./kernel/tkernel/wait.o
                0x0800ceaa                knl_wait_release_tmout
 .text.knl_make_wait
                0x0800cedc       0x64 ./kernel/tkernel/wait.o
                0x0800cedc                knl_make_wait
 .text.knl_make_wait_reltim
                0x0800cf40       0x64 ./kernel/tkernel/wait.o
                0x0800cf40                knl_make_wait_reltim
 .text.knl_wait_delete
                0x0800cfa4       0x36 ./kernel/tkernel/wait.o
                0x0800cfa4                knl_wait_delete
 .text.knl_wait_tskid
                0x0800cfda       0x26 ./kernel/tkernel/wait.o
                0x0800cfda                knl_wait_tskid
 .text.knl_gcb_make_wait
                0x0800d000       0x6c ./kernel/tkernel/wait.o
                0x0800d000                knl_gcb_make_wait
 .text.knl_gcb_change_priority
                0x0800d06c       0x24 ./kernel/tkernel/wait.o
                0x0800d06c                knl_gcb_change_priority
 .text.knl_gcb_top_of_wait_queue
                0x0800d090       0x50 ./kernel/tkernel/wait.o
                0x0800d090                knl_gcb_top_of_wait_queue
 .text.knl_memset
                0x0800d0e0       0x98 ./kernel/tstdlib/string.o
                0x0800d0e0                knl_memset
 .text.knl_memcpy
                0x0800d178       0x34 ./kernel/tstdlib/string.o
                0x0800d178                knl_memcpy
 .text.knl_strlen
                0x0800d1ac       0x22 ./kernel/tstdlib/string.o
                0x0800d1ac                knl_strlen
 .text.knl_strcpy
                0x0800d1ce       0x2e ./kernel/tstdlib/string.o
                0x0800d1ce                knl_strcpy
 .text.knl_strncpy
                0x0800d1fc       0x52 ./kernel/tstdlib/string.o
                0x0800d1fc                knl_strncpy
 .text.knl_strcmp
                0x0800d24e       0x46 ./kernel/tstdlib/string.o
                0x0800d24e                knl_strcmp
 .text.knl_strcat
                0x0800d294       0x3e ./kernel/tstdlib/string.o
                0x0800d294                knl_strcat
 .text.usermain
                0x0800d2d2        0xe ./kernel/usermain/usermain.o
 .text.Inc      0x0800d2e0       0x2e ./lib/libtk/fastlock.o
 .text.Dec      0x0800d30e       0x2a ./lib/libtk/fastlock.o
 .text.Lock     0x0800d338       0x2c ./lib/libtk/fastlock.o
                0x0800d338                Lock
 .text.Unlock   0x0800d364       0x28 ./lib/libtk/fastlock.o
                0x0800d364                Unlock
 .text.CreateLock
                0x0800d38c       0x7c ./lib/libtk/fastlock.o
                0x0800d38c                CreateLock
 .text.DeleteLock
                0x0800d408       0x28 ./lib/libtk/fastlock.o
                0x0800d408                DeleteLock
 .text.INC      0x0800d430       0x26 ./lib/libtk/fastmlock.o
 .text.DEC      0x0800d456       0x26 ./lib/libtk/fastmlock.o
 .text.BTS      0x0800d47c       0x40 ./lib/libtk/fastmlock.o
 .text.BR       0x0800d4bc       0x32 ./lib/libtk/fastmlock.o
 .text.MLockTmo
                0x0800d4ee       0x6c ./lib/libtk/fastmlock.o
                0x0800d4ee                MLockTmo
 .text.MLock    0x0800d55a       0x20 ./lib/libtk/fastmlock.o
                0x0800d55a                MLock
 .text.MUnlock  0x0800d57a       0x44 ./lib/libtk/fastmlock.o
                0x0800d57a                MUnlock
 *fill*         0x0800d5be        0x2 
 .text.CreateMLock
                0x0800d5c0       0x7c ./lib/libtk/fastmlock.o
                0x0800d5c0                CreateMLock
 .text.DeleteMLock
                0x0800d63c       0x3c ./lib/libtk/fastmlock.o
                0x0800d63c                DeleteMLock
 .text.Kmalloc  0x0800d678       0x18 ./lib/libtk/kmalloc.o
                0x0800d678                Kmalloc
 .text.Kcalloc  0x0800d690       0x1c ./lib/libtk/kmalloc.o
                0x0800d690                Kcalloc
 .text.Krealloc
                0x0800d6ac       0x1c ./lib/libtk/kmalloc.o
                0x0800d6ac                Krealloc
 .text.Kfree    0x0800d6c8       0x16 ./lib/libtk/kmalloc.o
                0x0800d6c8                Kfree
 .text.set_basepri
                0x0800d6de       0x18 ./lib/libtk/sysdepend/cpu/core/armv7m/int_armv7m.o
                0x0800d6de                set_basepri
 .text.get_basepri
                0x0800d6f6       0x18 ./lib/libtk/sysdepend/cpu/core/armv7m/int_armv7m.o
                0x0800d6f6                get_basepri
 .text.disint   0x0800d70e       0x22 ./lib/libtk/sysdepend/cpu/core/armv7m/int_armv7m.o
                0x0800d70e                disint
 .text.SetCpuIntLevel
                0x0800d730       0x1c ./lib/libtk/sysdepend/cpu/core/armv7m/int_armv7m.o
                0x0800d730                SetCpuIntLevel
 .text.GetCpuIntLevel
                0x0800d74c       0x26 ./lib/libtk/sysdepend/cpu/core/armv7m/int_armv7m.o
                0x0800d74c                GetCpuIntLevel
 *fill*         0x0800d772        0x2 
 .text.EnableInt_nvic
                0x0800d774       0x4c ./lib/libtk/sysdepend/cpu/core/armv7m/int_armv7m.o
                0x0800d774                EnableInt_nvic
 .text.in_w     0x0800d7c0       0x16 ./lib/libtk/sysdepend/cpu/core/armv7m/wusec_armv7m.o
 *fill*         0x0800d7d6        0x2 
 .text.wait_us  0x0800d7d8       0x88 ./lib/libtk/sysdepend/cpu/core/armv7m/wusec_armv7m.o
 .text.WaitUsec
                0x0800d860       0x38 ./lib/libtk/sysdepend/cpu/core/armv7m/wusec_armv7m.o
                0x0800d860                WaitUsec
 .text.WaitNsec
                0x0800d898       0x48 ./lib/libtk/sysdepend/cpu/core/armv7m/wusec_armv7m.o
                0x0800d898                WaitNsec
 .text.DisableInt_nvic
                0x0800d8e0       0x30 ./lib/libtk/sysdepend/cpu/stm32h7/int_stm32h7.o
 .text.ClearInt_nvic
                0x0800d910       0x30 ./lib/libtk/sysdepend/cpu/stm32h7/int_stm32h7.o
 .text.CheckInt_nvic
                0x0800d940       0x30 ./lib/libtk/sysdepend/cpu/stm32h7/int_stm32h7.o
 .text.EnableInt_exti
                0x0800d970       0x70 ./lib/libtk/sysdepend/cpu/stm32h7/int_stm32h7.o
 .text.DisableInt_exti
                0x0800d9e0       0x70 ./lib/libtk/sysdepend/cpu/stm32h7/int_stm32h7.o
 .text.ClearInt_exti
                0x0800da50       0x70 ./lib/libtk/sysdepend/cpu/stm32h7/int_stm32h7.o
 .text.CheckInt_exti
                0x0800dac0       0x70 ./lib/libtk/sysdepend/cpu/stm32h7/int_stm32h7.o
 .text.SetIntMode_exti
                0x0800db30       0xe0 ./lib/libtk/sysdepend/cpu/stm32h7/int_stm32h7.o
 .text.EnableInt
                0x0800dc10       0x3c ./lib/libtk/sysdepend/cpu/stm32h7/int_stm32h7.o
                0x0800dc10                EnableInt
 .text.DisableInt
                0x0800dc4c       0x36 ./lib/libtk/sysdepend/cpu/stm32h7/int_stm32h7.o
                0x0800dc4c                DisableInt
 .text.ClearInt
                0x0800dc82       0x36 ./lib/libtk/sysdepend/cpu/stm32h7/int_stm32h7.o
                0x0800dc82                ClearInt
 .text.EndOfInt
                0x0800dcb8       0x12 ./lib/libtk/sysdepend/cpu/stm32h7/int_stm32h7.o
                0x0800dcb8                EndOfInt
 .text.CheckInt
                0x0800dcca       0x42 ./lib/libtk/sysdepend/cpu/stm32h7/int_stm32h7.o
                0x0800dcca                CheckInt
 .text.SetIntMode
                0x0800dd0c       0x2c ./lib/libtk/sysdepend/cpu/stm32h7/int_stm32h7.o
                0x0800dd0c                SetIntMode
 .text.libtm_init
                0x0800dd38        0xc ./lib/libtm/libtm.o
                0x0800dd38                libtm_init
 .text.tm_getchar
                0x0800dd44       0x2a ./lib/libtm/libtm.o
                0x0800dd44                tm_getchar
 *fill*         0x0800dd6e        0x2 
 .text.tm_getline
                0x0800dd70       0x74 ./lib/libtm/libtm.o
                0x0800dd70                tm_getline
 .text.tm_putchar
                0x0800dde4       0x48 ./lib/libtm/libtm.o
                0x0800dde4                tm_putchar
 .text.tm_putstring
                0x0800de2c       0x3e ./lib/libtm/libtm.o
                0x0800de2c                tm_putstring
 *fill*         0x0800de6a        0x2 
 .text.outint   0x0800de6c       0x7c ./lib/libtm/libtm_printf.o
 .text.tm_vsprintf
                0x0800dee8      0x63c ./lib/libtm/libtm_printf.o
 .text.out_cons
                0x0800e524       0x48 ./lib/libtm/libtm_printf.o
 .text.tm_printf
                0x0800e56c       0x34 ./lib/libtm/libtm_printf.o
                0x0800e56c                tm_printf
 .text.out_buf  0x0800e5a0       0x50 ./lib/libtm/libtm_printf.o
 .text.tm_sprintf
                0x0800e5f0       0x4c ./lib/libtm/libtm_printf.o
                0x0800e5f0                tm_sprintf
 .text.tm_snd_dat
                0x0800e63c       0x5c ./lib/libtm/sysdepend/nucleo_h723/tm_com.o
                0x0800e63c                tm_snd_dat
 .text.tm_rcv_dat
                0x0800e698       0x4c ./lib/libtm/sysdepend/nucleo_h723/tm_com.o
                0x0800e698                tm_rcv_dat
 .text.tm_com_init
                0x0800e6e4       0x3c ./lib/libtm/sysdepend/nucleo_h723/tm_com.o
                0x0800e6e4                tm_com_init
 .text.memset   0x0800e720       0x10 /Applications/STM32CubeIDE.app/Contents/Eclipse/plugins/com.st.stm32cube.ide.mcu.externaltools.gnu-tools-for-stm32.12.3.rel1.macos64_1.0.100.202403111906/tools/bin/../lib/gcc/arm-none-eabi/12.3.1/../../../../arm-none-eabi/lib/thumb/v7e-m/nofp/libc_nano.a(libc_a-memset.o)
                0x0800e720                memset
 *(.rodata)
 .rodata        0x0800e730      0x1a1 ./app_program/app_main.o
 *fill*         0x0800e8d1        0x3 
 .rodata        0x0800e8d4        0x4 ./device/adc/adc.o
 .rodata        0x0800e8d8        0x8 ./device/adc/sysdepend/stm32h7/adc_stm32h7.o
 .rodata        0x0800e8e0        0x4 ./device/i2c/i2c.o
 .rodata        0x0800e8e4        0x4 ./device/ser/ser.o
 .rodata        0x0800e8e8        0x8 ./device/ser/sysdepend/stm32h7/ser_stm32h7.o
 .rodata        0x0800e8f0       0x55 ./kernel/inittask/inittask.o
 *fill*         0x0800e945        0x3 
 .rodata        0x0800e948       0xca ./kernel/sysdepend/cpu/core/armv7m/exc_hdr.o
 *fill*         0x0800ea12        0x2 
 .rodata        0x0800ea14       0x53 ./kernel/sysdepend/nucleo_h723/hw_setting.o
 *fill*         0x0800ea67        0x1 
 .rodata        0x0800ea68       0xd8 ./kernel/sysinit/sysinit.o
 .rodata        0x0800eb40        0x5 ./kernel/tkernel/device.o
 *fill*         0x0800eb45        0x3 
 .rodata        0x0800eb48       0xc0 ./kernel/tkernel/task_manage.o
 .rodata        0x0800ec08        0x5 ./lib/libtk/fastlock.o
 *fill*         0x0800ec0d        0x3 
 .rodata        0x0800ec10        0x5 ./lib/libtk/fastmlock.o
 *fill*         0x0800ec15        0x3 
 .rodata        0x0800ec18        0xe ./lib/libtm/libtm_printf.o
 *(.rodata.*)
 *fill*         0x0800ec26        0x2 
 .rodata.ba     0x0800ec28        0xc ./device/adc/sysdepend/stm32h7/adc_stm32h7.o
 .rodata.cba    0x0800ec34        0xc ./device/adc/sysdepend/stm32h7/adc_stm32h7.o
 .rodata.ba     0x0800ec40       0x14 ./device/i2c/sysdepend/stm32h7/i2c_stm32h7.o
 .rodata.ll_devdat
                0x0800ec54       0x3c ./device/i2c/sysdepend/stm32h7/i2c_stm32h7.o
 .rodata.ba     0x0800ec90       0x28 ./device/ser/sysdepend/stm32h7/ser_stm32h7.o
 .rodata.ll_devdat
                0x0800ecb8       0x50 ./device/ser/sysdepend/stm32h7/ser_stm32h7.o
 .rodata.knl_init_ctsk
                0x0800ed08       0x18 ./kernel/inittask/inittask.o
                0x0800ed08                knl_init_ctsk
 .rodata.modclk_tbl
                0x0800ed20       0x20 ./kernel/sysdepend/nucleo_h723/hw_setting.o
 .rodata.pinfnc_tbl
                0x0800ed40       0xc0 ./kernel/sysdepend/nucleo_h723/hw_setting.o
 .rodata.knl_pk_csem_DM
                0x0800ee00       0x10 ./kernel/tkernel/deviceio.o
 .rodata.knl_wspec_flg_tfifo
                0x0800ee10        0xc ./kernel/tkernel/eventflag.o
 .rodata.knl_wspec_flg_tpri
                0x0800ee1c        0xc ./kernel/tkernel/eventflag.o
 .rodata.knl_wspec_mbx_tfifo
                0x0800ee28        0xc ./kernel/tkernel/mailbox.o
 .rodata.knl_wspec_mbx_tpri
                0x0800ee34        0xc ./kernel/tkernel/mailbox.o
 .rodata.knl_wspec_mpf_tfifo
                0x0800ee40        0xc ./kernel/tkernel/mempfix.o
 .rodata.knl_wspec_mpf_tpri
                0x0800ee4c        0xc ./kernel/tkernel/mempfix.o
 .rodata.knl_wspec_mpl_tfifo
                0x0800ee58        0xc ./kernel/tkernel/mempool.o
 .rodata.knl_wspec_mpl_tpri
                0x0800ee64        0xc ./kernel/tkernel/mempool.o
 .rodata.knl_wspec_smbf_tfifo
                0x0800ee70        0xc ./kernel/tkernel/messagebuf.o
 .rodata.knl_wspec_smbf_tpri
                0x0800ee7c        0xc ./kernel/tkernel/messagebuf.o
 .rodata.knl_wspec_rmbf
                0x0800ee88        0xc ./kernel/tkernel/messagebuf.o
 .rodata.knl_wspec_mtx_tfifo
                0x0800ee94        0xc ./kernel/tkernel/mutex.o
 .rodata.knl_wspec_mtx_tpri
                0x0800eea0        0xc ./kernel/tkernel/mutex.o
 .rodata.knl_wspec_mtx_inherit
                0x0800eeac        0xc ./kernel/tkernel/mutex.o
 .rodata.knl_wspec_sem_tfifo
                0x0800eeb8        0xc ./kernel/tkernel/semaphore.o
 .rodata.knl_wspec_sem_tpri
                0x0800eec4        0xc ./kernel/tkernel/semaphore.o
 .rodata.knl_wspec_slp
                0x0800eed0        0xc ./kernel/tkernel/task_sync.o
 .rodata.knl_wspec_dly
                0x0800eedc        0xc ./kernel/tkernel/task_sync.o
 .rodata.LF.1   0x0800eee8        0x1 ./lib/libtm/libtm.o
 .rodata.CR.0   0x0800eee9        0x1 ./lib/libtm/libtm.o
 *fill*         0x0800eeea        0x2 
 .rodata.digits.0
                0x0800eeec       0x20 ./lib/libtm/libtm_printf.o

.boot2          0x0800ef0c      0x100
 .boot2         0x0800ef0c      0x100 ./kernel/sysdepend/cpu/rp2040/boot_2nd.o
                0x0800ef0c                boot2

.glue_7         0x0800f00c        0x0
 .glue_7        0x0800f00c        0x0 linker stubs

.glue_7t        0x0800f00c        0x0
 .glue_7t       0x0800f00c        0x0 linker stubs

.vfp11_veneer   0x0800f00c        0x0
 .vfp11_veneer  0x0800f00c        0x0 linker stubs

.v4_bx          0x0800f00c        0x0
 .v4_bx         0x0800f00c        0x0 linker stubs

.iplt           0x0800f00c        0x0
 .iplt          0x0800f00c        0x0 ./app_program/app_main.o

.rel.dyn        0x0800f00c        0x0
 .rel.iplt      0x0800f00c        0x0 ./app_program/app_main.o
                0x0800f00c                        . = ALIGN (0x4)
                0x0800f00c                        __data_org = .

vector          0x24000000      0x338
                0x24000000                        __vector_start = .
 *(.data_vector)
 .data_vector   0x24000000      0x338 ./kernel/sysdepend/cpu/core/armv7m/interrupt.o
                0x24000000                exchdr_tbl
                0x24000338                        __vector_end = .

.data           0x24000338       0x90 load address 0x0800f00c
                0x24000338                        __data_start = .
 *(.data)
 .data          0x24000338        0x0 ./app_program/app_main.o
 .data          0x24000338        0x0 ./device/adc/adc.o
 .data          0x24000338        0x0 ./device/adc/sysdepend/rp2040/adc_rp2040.o
 .data          0x24000338        0x0 ./device/adc/sysdepend/rx231/adc_rx231.o
 .data          0x24000338        0x0 ./device/adc/sysdepend/rx65n/adc_rx65n.o
 .data          0x24000338        0x0 ./device/adc/sysdepend/rza2m/adc_rza2m.o
 .data          0x24000338        0x0 ./device/adc/sysdepend/stm32h7/adc_stm32h7.o
 .data          0x24000338        0x0 ./device/adc/sysdepend/stm32l4/adc_stm32l4.o
 .data          0x24000338        0x0 ./device/adc/sysdepend/tx03_m367/adc_m367.o
 .data          0x24000338        0x0 ./device/common/drvif/msdrvif.o
 .data          0x24000338        0x0 ./device/i2c/i2c.o
 .data          0x24000338        0x0 ./device/i2c/sysdepend/rp2040/i2c_rp2040.o
 .data          0x24000338        0x0 ./device/i2c/sysdepend/rx231/i2c_rx231.o
 .data          0x24000338        0x0 ./device/i2c/sysdepend/rx65n/i2c_rx65n.o
 .data          0x24000338        0x0 ./device/i2c/sysdepend/rza2m/i2c_rza2m.o
 .data          0x24000338        0x0 ./device/i2c/sysdepend/stm32h7/i2c_stm32h7.o
 .data          0x24000338        0x0 ./device/i2c/sysdepend/stm32l4/i2c_stm32l4.o
 .data          0x24000338        0x0 ./device/i2c/sysdepend/tx03_m367/i2c_m367.o
 .data          0x24000338        0x0 ./device/ser/ser.o
 .data          0x24000338        0x0 ./device/ser/sysdepend/rp2040/ser_rp2040.o
 .data          0x24000338        0x0 ./device/ser/sysdepend/rx231/ser_rx231.o